Archive member included to satisfy reference by file (symbol)

/usr/lib/gcc/arm-none-eabi/7.3.1/thumb/v6-m/libgcc.a(_dvmd_tls.o)
                              CMakeFiles/hello_usb.dir/opt/pico-sdk/src/rp2_common/pico_divider/divider.S.obj (__aeabi_idiv0)
/usr/lib/gcc/arm-none-eabi/7.3.1/../../../arm-none-eabi/lib/thumb/v6-m/libg.a(lib_a-atexit.o)
                              /usr/lib/gcc/arm-none-eabi/7.3.1/../../../arm-none-eabi/lib/thumb/v6-m/crt0.o (atexit)
/usr/lib/gcc/arm-none-eabi/7.3.1/../../../arm-none-eabi/lib/thumb/v6-m/libg.a(lib_a-calloc.o)
                              CMakeFiles/hello_usb.dir/opt/pico-sdk/src/rp2_common/pico_malloc/pico_malloc.c.obj (calloc)
/usr/lib/gcc/arm-none-eabi/7.3.1/../../../arm-none-eabi/lib/thumb/v6-m/libg.a(lib_a-callocr.o)
                              /usr/lib/gcc/arm-none-eabi/7.3.1/../../../arm-none-eabi/lib/thumb/v6-m/libg.a(lib_a-calloc.o) (_calloc_r)
/usr/lib/gcc/arm-none-eabi/7.3.1/../../../arm-none-eabi/lib/thumb/v6-m/libg.a(lib_a-ctype_.o)
                              CMakeFiles/hello_usb.dir/opt/pico-sdk/lib/tinyusb/src/tusb.c.obj (_ctype_)
/usr/lib/gcc/arm-none-eabi/7.3.1/../../../arm-none-eabi/lib/thumb/v6-m/libg.a(lib_a-fini.o)
                              /usr/lib/gcc/arm-none-eabi/7.3.1/../../../arm-none-eabi/lib/thumb/v6-m/crt0.o (__libc_fini_array)
/usr/lib/gcc/arm-none-eabi/7.3.1/../../../arm-none-eabi/lib/thumb/v6-m/libg.a(lib_a-impure.o)
                              /usr/lib/gcc/arm-none-eabi/7.3.1/../../../arm-none-eabi/lib/thumb/v6-m/libg.a(lib_a-calloc.o) (_impure_ptr)
/usr/lib/gcc/arm-none-eabi/7.3.1/../../../arm-none-eabi/lib/thumb/v6-m/libg.a(lib_a-init.o)
                              /usr/lib/gcc/arm-none-eabi/7.3.1/../../../arm-none-eabi/lib/thumb/v6-m/crt0.o (__libc_init_array)
/usr/lib/gcc/arm-none-eabi/7.3.1/../../../arm-none-eabi/lib/thumb/v6-m/libg.a(lib_a-malloc.o)
                              CMakeFiles/hello_usb.dir/opt/pico-sdk/src/rp2_common/pico_malloc/pico_malloc.c.obj (malloc)
/usr/lib/gcc/arm-none-eabi/7.3.1/../../../arm-none-eabi/lib/thumb/v6-m/libg.a(lib_a-mallocr.o)
                              /usr/lib/gcc/arm-none-eabi/7.3.1/../../../arm-none-eabi/lib/thumb/v6-m/libg.a(lib_a-callocr.o) (_malloc_r)
/usr/lib/gcc/arm-none-eabi/7.3.1/../../../arm-none-eabi/lib/thumb/v6-m/libg.a(lib_a-mlock.o)
                              /usr/lib/gcc/arm-none-eabi/7.3.1/../../../arm-none-eabi/lib/thumb/v6-m/libg.a(lib_a-mallocr.o) (__malloc_lock)
/usr/lib/gcc/arm-none-eabi/7.3.1/../../../arm-none-eabi/lib/thumb/v6-m/libg.a(lib_a-sbrkr.o)
                              /usr/lib/gcc/arm-none-eabi/7.3.1/../../../arm-none-eabi/lib/thumb/v6-m/libg.a(lib_a-mallocr.o) (_sbrk_r)
/usr/lib/gcc/arm-none-eabi/7.3.1/../../../arm-none-eabi/lib/thumb/v6-m/libg.a(lib_a-strlen-stub.o)
                              CMakeFiles/hello_usb.dir/opt/pico-sdk/src/rp2_common/pico_stdio/stdio.c.obj (strlen)
/usr/lib/gcc/arm-none-eabi/7.3.1/../../../arm-none-eabi/lib/thumb/v6-m/libg.a(lib_a-__atexit.o)
                              /usr/lib/gcc/arm-none-eabi/7.3.1/../../../arm-none-eabi/lib/thumb/v6-m/libg.a(lib_a-atexit.o) (__register_exitproc)
/usr/lib/gcc/arm-none-eabi/7.3.1/../../../arm-none-eabi/lib/thumb/v6-m/libg.a(lib_a-freer.o)
                              /usr/lib/gcc/arm-none-eabi/7.3.1/../../../arm-none-eabi/lib/thumb/v6-m/libg.a(lib_a-malloc.o) (_free_r)
/usr/lib/gcc/arm-none-eabi/7.3.1/../../../arm-none-eabi/lib/thumb/v6-m/libg.a(lib_a-reent.o)
                              /usr/lib/gcc/arm-none-eabi/7.3.1/../../../arm-none-eabi/lib/thumb/v6-m/libg.a(lib_a-sbrkr.o) (errno)

Allocating common symbols
Common symbol       size              file

sf_table            0x100             CMakeFiles/hello_usb.dir/opt/pico-sdk/src/rp2_common/pico_float/float_init_rom.c.obj
errno               0x4               /usr/lib/gcc/arm-none-eabi/7.3.1/../../../arm-none-eabi/lib/thumb/v6-m/libg.a(lib_a-reent.o)
_usbd_qdef_buf      0xc0              CMakeFiles/hello_usb.dir/opt/pico-sdk/lib/tinyusb/src/device/usbd.c.obj
sf_clz_func         0x4               CMakeFiles/hello_usb.dir/opt/pico-sdk/src/rp2_common/pico_float/float_init_rom.c.obj
sd_table            0x100             CMakeFiles/hello_usb.dir/opt/pico-sdk/src/rp2_common/pico_double/double_init_rom.c.obj
uart_char_to_line_feed
                    0x4               CMakeFiles/hello_usb.dir/opt/pico-sdk/src/rp2_common/hardware_uart/uart.c.obj

Discarded input sections

 .text          0x00000000        0x0 /usr/lib/gcc/arm-none-eabi/7.3.1/thumb/v6-m/crti.o
 .data          0x00000000        0x0 /usr/lib/gcc/arm-none-eabi/7.3.1/thumb/v6-m/crti.o
 .bss           0x00000000        0x0 /usr/lib/gcc/arm-none-eabi/7.3.1/thumb/v6-m/crti.o
 .data          0x00000000        0x4 /usr/lib/gcc/arm-none-eabi/7.3.1/thumb/v6-m/crtbegin.o
 .fini_array    0x00000000        0x4 /usr/lib/gcc/arm-none-eabi/7.3.1/thumb/v6-m/crtbegin.o
[...]
Memory Configuration

Name             Origin             Length             Attributes
FLASH            0x10000000         0x00200000         xr
RAM              0x20000000         0x00040000         xrw
SCRATCH_X        0x20040000         0x00001000         xrw
SCRATCH_Y        0x20041000         0x00001000         xrw
*default*        0x00000000         0xffffffff

Linker script and memory map

LOAD /usr/lib/gcc/arm-none-eabi/7.3.1/thumb/v6-m/crti.o
LOAD /usr/lib/gcc/arm-none-eabi/7.3.1/thumb/v6-m/crtbegin.o
LOAD /usr/lib/gcc/arm-none-eabi/7.3.1/../../../arm-none-eabi/lib/thumb/v6-m/crt0.o

.flash_begin    0x10000000        0x0
                0x10000000                __flash_binary_start = .

.boot2          0x10000000      0x100
                0x10000000                __boot2_start__ = .
 *(.boot2)
 .boot2         0x10000000      0x100 /tmp/cc0cJ7pH.o
                0x10000100                __boot2_end__ = .
                0x00000001                ASSERT (((__boot2_end__ - __boot2_start__) == 0x100), ERROR: Pico second stage bootloader must be 256 bytes in size)

.text           0x10000100     0x6eb0
                0x10000100                __logical_binary_start = .
 *(.vectors)
 .vectors       0x10000100       0xd4 CMakeFiles/hello_usb.dir/opt/pico-sdk/src/rp2_common/pico_standard_link/crt0.S.obj
                0x10000100                __vectors
                0x10000100                __VECTOR_TABLE
                0x100001c0                isr_invalid
                0x100001c0                __default_isrs_start
                0x100001c2                isr_nmi
                0x100001c4                isr_hardfault
                0x100001c6                isr_svcall
                0x100001c8                isr_pendsv
                0x100001ca                isr_systick
                0x100001cc                isr_irq30
                0x100001cc                __unhandled_user_irq
                0x100001cc                isr_irq13
                0x100001cc                isr_irq27
                0x100001cc                isr_irq31
                0x100001cc                isr_irq5
                0x100001cc                isr_irq11
                0x100001cc                isr_irq23
                0x100001cc                isr_irq18
                0x100001cc                isr_irq28
                0x100001cc                isr_irq19
                0x100001cc                isr_irq0
                0x100001cc                isr_irq6
                0x100001cc                isr_irq22
                0x100001cc                isr_irq17
                0x100001cc                isr_irq14
                0x100001cc                isr_irq2
                0x100001cc                isr_irq10
                0x100001cc                isr_irq8
                0x100001cc                isr_irq24
                0x100001cc                isr_irq1
                0x100001cc                isr_irq7
                0x100001cc                isr_irq21
                0x100001cc                isr_irq20
                0x100001cc                isr_irq15
                0x100001cc                isr_irq25
                0x100001cc                isr_irq4
                0x100001cc                isr_irq16
                0x100001cc                isr_irq29
                0x100001cc                isr_irq26
                0x100001cc                __default_isrs_end
                0x100001cc                isr_irq3
                0x100001cc                isr_irq12
                0x100001cc                isr_irq9
                0x100001d2                unhandled_user_irq_num_in_r0
 *(.binary_info_header)
 .binary_info_header
                0x100001d4       0x14 CMakeFiles/hello_usb.dir/opt/pico-sdk/src/rp2_common/pico_standard_link/crt0.S.obj
                0x100001e8                __binary_info_header_end = .
 *(.reset)
 .reset         0x100001e8       0xa8 CMakeFiles/hello_usb.dir/opt/pico-sdk/src/rp2_common/pico_standard_link/crt0.S.obj
                0x100001e8                _entry_point
                0x10000266                __get_current_exception
 .reset         0x10000290       0x30 CMakeFiles/hello_usb.dir/opt/pico-sdk/src/rp2_common/pico_standard_link/binary_info.c.obj
 *(.init)
 .init          0x100002c0        0x4 /usr/lib/gcc/arm-none-eabi/7.3.1/thumb/v6-m/crti.o
                0x100002c0                _init
 *(EXCLUDE_FILE(*libm.a: *libc.a:*lib_a-mem*.o *libgcc.a:) .text*)
 .text          0x100002c4       0x98 /usr/lib/gcc/arm-none-eabi/7.3.1/thumb/v6-m/crtbegin.o
 .text.main     0x1000035c       0x1c CMakeFiles/hello_usb.dir/hello_usb.c.obj
                0x1000035c                main
 .text.hw_claim_lock
                0x10000378       0x18 CMakeFiles/hello_usb.dir/opt/pico-sdk/src/rp2_common/hardware_claim/claim.c.obj
                0x10000378                hw_claim_lock
 .text.hw_claim_unlock
                0x10000390       0x14 CMakeFiles/hello_usb.dir/opt/pico-sdk/src/rp2_common/hardware_claim/claim.c.obj
                0x10000390                hw_claim_unlock
 .text.hw_claim_or_assert
                0x100003a4       0x32 CMakeFiles/hello_usb.dir/opt/pico-sdk/src/rp2_common/hardware_claim/claim.c.obj
                0x100003a4                hw_claim_or_assert
 .text.hw_claim_unused_from_range
                0x100003d6       0x50 CMakeFiles/hello_usb.dir/opt/pico-sdk/src/rp2_common/hardware_claim/claim.c.obj
                0x100003d6                hw_claim_unused_from_range
 *fill*         0x10000426        0x2 
 .text.running_on_fpga
                0x10000428       0x14 CMakeFiles/hello_usb.dir/opt/pico-sdk/src/rp2_common/pico_platform/platform.c.obj
                0x10000428                running_on_fpga
 .text.spin_locks_reset
                0x1000043c       0x20 CMakeFiles/hello_usb.dir/opt/pico-sdk/src/rp2_common/hardware_sync/sync.c.obj
                0x1000043c                spin_locks_reset
 .text.next_striped_spin_lock_num
                0x1000045c       0x1c CMakeFiles/hello_usb.dir/opt/pico-sdk/src/rp2_common/hardware_sync/sync.c.obj
                0x1000045c                next_striped_spin_lock_num
 .text.spin_lock_claim_unused
                0x10000478       0x20 CMakeFiles/hello_usb.dir/opt/pico-sdk/src/rp2_common/hardware_sync/sync.c.obj
                0x10000478                spin_lock_claim_unused
 .text.alarm_pool_post_alloc_init
                0x10000498       0x40 CMakeFiles/hello_usb.dir/opt/pico-sdk/src/common/pico_time/time.c.obj
 .text.sleep_until_callback
                0x100004d8       0x30 CMakeFiles/hello_usb.dir/opt/pico-sdk/src/common/pico_time/time.c.obj
 .text.timer_pool_entry_comparator
                0x10000508       0x7c CMakeFiles/hello_usb.dir/opt/pico-sdk/src/common/pico_time/time.c.obj
                0x10000508                timer_pool_entry_comparator
 .text.ph_add_child_node
                0x10000584       0xa4 CMakeFiles/hello_usb.dir/opt/pico-sdk/src/common/pico_time/time.c.obj
 .text.ph_merge_nodes
                0x10000628       0x3a CMakeFiles/hello_usb.dir/opt/pico-sdk/src/common/pico_time/time.c.obj
 *fill*         0x10000662        0x2 
 .text.add_alarm_under_lock
                0x10000664      0x180 CMakeFiles/hello_usb.dir/opt/pico-sdk/src/common/pico_time/time.c.obj
 .text.alarm_pool_alarm_callback
                0x100007e4      0x344 CMakeFiles/hello_usb.dir/opt/pico-sdk/src/common/pico_time/time.c.obj
 .text.alarm_pool_init_default
                0x10000b28       0x38 CMakeFiles/hello_usb.dir/opt/pico-sdk/src/common/pico_time/time.c.obj
                0x10000b28                alarm_pool_init_default
 .text.alarm_pool_get_default
                0x10000b60       0x2c CMakeFiles/hello_usb.dir/opt/pico-sdk/src/common/pico_time/time.c.obj
                0x10000b60                alarm_pool_get_default
 .text.alarm_pool_add_alarm_at
                0x10000b8c      0x168 CMakeFiles/hello_usb.dir/opt/pico-sdk/src/common/pico_time/time.c.obj
                0x10000b8c                alarm_pool_add_alarm_at
 .text.alarm_pool_cancel_alarm
                0x10000cf4       0xec CMakeFiles/hello_usb.dir/opt/pico-sdk/src/common/pico_time/time.c.obj
                0x10000cf4                alarm_pool_cancel_alarm
 .text.sleep_until
                0x10000de0       0xfc CMakeFiles/hello_usb.dir/opt/pico-sdk/src/common/pico_time/time.c.obj
                0x10000de0                sleep_until
 .text.sleep_us
                0x10000edc       0x54 CMakeFiles/hello_usb.dir/opt/pico-sdk/src/common/pico_time/time.c.obj
                0x10000edc                sleep_us
 .text.sleep_ms
                0x10000f30       0x14 CMakeFiles/hello_usb.dir/opt/pico-sdk/src/common/pico_time/time.c.obj
                0x10000f30                sleep_ms
 .text.best_effort_wfe_or_timeout
                0x10000f44       0x80 CMakeFiles/hello_usb.dir/opt/pico-sdk/src/common/pico_time/time.c.obj
                0x10000f44                best_effort_wfe_or_timeout
 .text.hardware_alarm_irq_handler
                0x10000fc4       0x8c CMakeFiles/hello_usb.dir/opt/pico-sdk/src/rp2_common/hardware_timer/timer.c.obj
 .text.hardware_alarm_claim
                0x10001050       0x18 CMakeFiles/hello_usb.dir/opt/pico-sdk/src/rp2_common/hardware_timer/timer.c.obj
                0x10001050                hardware_alarm_claim
 .text.time_us_64
                0x10001068       0x18 CMakeFiles/hello_usb.dir/opt/pico-sdk/src/rp2_common/hardware_timer/timer.c.obj
                0x10001068                time_us_64
 .text.busy_wait_until
                0x10001080       0x28 CMakeFiles/hello_usb.dir/opt/pico-sdk/src/rp2_common/hardware_timer/timer.c.obj
                0x10001080                busy_wait_until
 .text.hardware_alarm_set_callback
                0x100010a8       0x90 CMakeFiles/hello_usb.dir/opt/pico-sdk/src/rp2_common/hardware_timer/timer.c.obj
                0x100010a8                hardware_alarm_set_callback
 .text.hardware_alarm_set_target
                0x10001138       0xe8 CMakeFiles/hello_usb.dir/opt/pico-sdk/src/rp2_common/hardware_timer/timer.c.obj
                0x10001138                hardware_alarm_set_target
 .text.hardware_alarm_cancel
                0x10001220       0x40 CMakeFiles/hello_usb.dir/opt/pico-sdk/src/rp2_common/hardware_timer/timer.c.obj
                0x10001220                hardware_alarm_cancel
 .text.lock_init
                0x10001260       0x10 CMakeFiles/hello_usb.dir/opt/pico-sdk/src/common/pico_sync/lock_core.c.obj
                0x10001260                lock_init
 .text.mutex_init_internal
                0x10001270       0x1e CMakeFiles/hello_usb.dir/opt/pico-sdk/src/common/pico_sync/mutex.c.obj
 .text.mutex_init
                0x1000128e        0xa CMakeFiles/hello_usb.dir/opt/pico-sdk/src/common/pico_sync/mutex.c.obj
                0x1000128e                mutex_init
 .text.recursive_mutex_init
                0x10001298        0xa CMakeFiles/hello_usb.dir/opt/pico-sdk/src/common/pico_sync/mutex.c.obj
                0x10001298                recursive_mutex_init
 *fill*         0x100012a2        0x2 
 .text.critical_section_init_with_lock_num
                0x100012a4       0x14 CMakeFiles/hello_usb.dir/opt/pico-sdk/src/common/pico_sync/critical_section.c.obj
                0x100012a4                critical_section_init_with_lock_num
 .text.critical_section_init
                0x100012b8       0x14 CMakeFiles/hello_usb.dir/opt/pico-sdk/src/common/pico_sync/critical_section.c.obj
                0x100012b8                critical_section_init
 .text.ph_add_child_node
                0x100012cc       0xa4 CMakeFiles/hello_usb.dir/opt/pico-sdk/src/common/pico_util/pheap.c.obj
 .text.ph_merge_nodes
                0x10001370       0x3a CMakeFiles/hello_usb.dir/opt/pico-sdk/src/common/pico_util/pheap.c.obj
 *fill*         0x100013aa        0x2 
 .text.ph_clear
                0x100013ac       0x70 CMakeFiles/hello_usb.dir/opt/pico-sdk/src/common/pico_util/pheap.c.obj
                0x100013ac                ph_clear
 .text.ph_post_alloc_init
                0x1000141c        0xe CMakeFiles/hello_usb.dir/opt/pico-sdk/src/common/pico_util/pheap.c.obj
                0x1000141c                ph_post_alloc_init
 *fill*         0x1000142a        0x2 
 .text.ph_merge_two_pass
                0x1000142c       0xac CMakeFiles/hello_usb.dir/opt/pico-sdk/src/common/pico_util/pheap.c.obj
                0x1000142c                ph_merge_two_pass
 .text.ph_remove_any_head
                0x100014d8      0x108 CMakeFiles/hello_usb.dir/opt/pico-sdk/src/common/pico_util/pheap.c.obj
 .text.ph_remove_head
                0x100015e0       0x14 CMakeFiles/hello_usb.dir/opt/pico-sdk/src/common/pico_util/pheap.c.obj
                0x100015e0                ph_remove_head
 .text.ph_remove_and_free_node
                0x100015f4       0xf8 CMakeFiles/hello_usb.dir/opt/pico-sdk/src/common/pico_util/pheap.c.obj
                0x100015f4                ph_remove_and_free_node
 .text.runtime_init
                0x100016ec       0xd8 CMakeFiles/hello_usb.dir/opt/pico-sdk/src/rp2_common/pico_runtime/runtime.c.obj
                0x100016ec                runtime_init
 .text._exit    0x100017c4        0x4 CMakeFiles/hello_usb.dir/opt/pico-sdk/src/rp2_common/pico_runtime/runtime.c.obj
                0x100017c4                _exit
 .text.exit     0x100017c8        0x6 CMakeFiles/hello_usb.dir/opt/pico-sdk/src/rp2_common/pico_runtime/runtime.c.obj
                0x100017c8                exit
 *fill*         0x100017ce        0x2 
 .text.__assert_func
                0x100017d0       0x3c CMakeFiles/hello_usb.dir/opt/pico-sdk/src/rp2_common/pico_runtime/runtime.c.obj
                0x100017d0                __assert_func
 .text.panic    0x1000180c       0x30 CMakeFiles/hello_usb.dir/opt/pico-sdk/src/rp2_common/pico_runtime/runtime.c.obj
                0x1000180c                panic
 .text.clock_configure
                0x1000183c       0xfc CMakeFiles/hello_usb.dir/opt/pico-sdk/src/rp2_common/hardware_clocks/clocks.c.obj
                0x1000183c                clock_configure
 .text.clocks_init
                0x10001938      0x100 CMakeFiles/hello_usb.dir/opt/pico-sdk/src/rp2_common/hardware_clocks/clocks.c.obj
                0x10001938                clocks_init
 .text.set_raw_irq_handler_and_unlock
                0x10001a38       0x28 CMakeFiles/hello_usb.dir/opt/pico-sdk/src/rp2_common/hardware_irq/irq.c.obj
 .text.make_branch
                0x10001a60       0x34 CMakeFiles/hello_usb.dir/opt/pico-sdk/src/rp2_common/hardware_irq/irq.c.obj
 .text.insert_branch_and_link
                0x10001a94       0x40 CMakeFiles/hello_usb.dir/opt/pico-sdk/src/rp2_common/hardware_irq/irq.c.obj
 .text.irq_is_enabled
                0x10001ad4       0x18 CMakeFiles/hello_usb.dir/opt/pico-sdk/src/rp2_common/hardware_irq/irq.c.obj
                0x10001ad4                irq_is_enabled
 .text.irq_set_mask_enabled
                0x10001aec       0x20 CMakeFiles/hello_usb.dir/opt/pico-sdk/src/rp2_common/hardware_irq/irq.c.obj
                0x10001aec                irq_set_mask_enabled
 .text.irq_set_enabled
                0x10001b0c        0xe CMakeFiles/hello_usb.dir/opt/pico-sdk/src/rp2_common/hardware_irq/irq.c.obj
                0x10001b0c                irq_set_enabled
 *fill*         0x10001b1a        0x2 
 .text.irq_set_pending
                0x10001b1c       0x10 CMakeFiles/hello_usb.dir/opt/pico-sdk/src/rp2_common/hardware_irq/irq.c.obj
                0x10001b1c                irq_set_pending
 .text.irq_get_vtable_handler
                0x10001b2c       0x10 CMakeFiles/hello_usb.dir/opt/pico-sdk/src/rp2_common/hardware_irq/irq.c.obj
                0x10001b2c                irq_get_vtable_handler
 .text.irq_set_exclusive_handler
                0x10001b3c       0x54 CMakeFiles/hello_usb.dir/opt/pico-sdk/src/rp2_common/hardware_irq/irq.c.obj
                0x10001b3c                irq_set_exclusive_handler
 .text.irq_remove_handler
                0x10001b90      0x1b4 CMakeFiles/hello_usb.dir/opt/pico-sdk/src/rp2_common/hardware_irq/irq.c.obj
                0x10001b90                irq_remove_handler
 .text.irq_set_priority
                0x10001d44       0x28 CMakeFiles/hello_usb.dir/opt/pico-sdk/src/rp2_common/hardware_irq/irq.c.obj
                0x10001d44                irq_set_priority
 .text.irq_add_tail_to_free_list
                0x10001d6c       0xf0 CMakeFiles/hello_usb.dir/opt/pico-sdk/src/rp2_common/hardware_irq/irq.c.obj
                0x10001d6c                irq_add_tail_to_free_list
 .text.irq_init_priorities
                0x10001e5c       0x16 CMakeFiles/hello_usb.dir/opt/pico-sdk/src/rp2_common/hardware_irq/irq.c.obj
                0x10001e5c                irq_init_priorities
 *fill*         0x10001e72        0x2 
 .text.pll_init
                0x10001e74      0x118 CMakeFiles/hello_usb.dir/opt/pico-sdk/src/rp2_common/hardware_pll/pll.c.obj
                0x10001e74                pll_init
 .text.watchdog_start_tick
                0x10001f8c       0x10 CMakeFiles/hello_usb.dir/opt/pico-sdk/src/rp2_common/hardware_watchdog/watchdog.c.obj
                0x10001f8c                watchdog_start_tick
 .text.watchdog_update
                0x10001f9c       0x14 CMakeFiles/hello_usb.dir/opt/pico-sdk/src/rp2_common/hardware_watchdog/watchdog.c.obj
                0x10001f9c                watchdog_update
 .text._watchdog_enable
                0x10001fb0       0x6c CMakeFiles/hello_usb.dir/opt/pico-sdk/src/rp2_common/hardware_watchdog/watchdog.c.obj
                0x10001fb0                _watchdog_enable
 .text.watchdog_reboot
                0x1000201c       0x44 CMakeFiles/hello_usb.dir/opt/pico-sdk/src/rp2_common/hardware_watchdog/watchdog.c.obj
                0x1000201c                watchdog_reboot
 .text.xosc_init
                0x10002060       0x28 CMakeFiles/hello_usb.dir/opt/pico-sdk/src/rp2_common/hardware_xosc/xosc.c.obj
                0x10002060                xosc_init
 .text._out_null
                0x10002088        0x2 CMakeFiles/hello_usb.dir/opt/pico-sdk/src/rp2_common/pico_printf/printf.c.obj
 .text._out_fct
                0x1000208a        0xe CMakeFiles/hello_usb.dir/opt/pico-sdk/src/rp2_common/pico_printf/printf.c.obj
 .text._atoi    0x10002098       0x24 CMakeFiles/hello_usb.dir/opt/pico-sdk/src/rp2_common/pico_printf/printf.c.obj
 .text._out_rev
                0x100020bc       0x8c CMakeFiles/hello_usb.dir/opt/pico-sdk/src/rp2_common/pico_printf/printf.c.obj
 .text._ntoa_format
                0x10002148      0x112 CMakeFiles/hello_usb.dir/opt/pico-sdk/src/rp2_common/pico_printf/printf.c.obj
 .text._ntoa_long
                0x1000225a       0x9e CMakeFiles/hello_usb.dir/opt/pico-sdk/src/rp2_common/pico_printf/printf.c.obj
 .text._ntoa_long_long
                0x100022f8       0xe2 CMakeFiles/hello_usb.dir/opt/pico-sdk/src/rp2_common/pico_printf/printf.c.obj
 *fill*         0x100023da        0x2 
 .text._etoa    0x100023dc      0x424 CMakeFiles/hello_usb.dir/opt/pico-sdk/src/rp2_common/pico_printf/printf.c.obj
 .text._ftoa    0x10002800      0x340 CMakeFiles/hello_usb.dir/opt/pico-sdk/src/rp2_common/pico_printf/printf.c.obj
 .text._vsnprintf
                0x10002b40      0x640 CMakeFiles/hello_usb.dir/opt/pico-sdk/src/rp2_common/pico_printf/printf.c.obj
 .text.vfctprintf
                0x10003180       0x20 CMakeFiles/hello_usb.dir/opt/pico-sdk/src/rp2_common/pico_printf/printf.c.obj
                0x10003180                vfctprintf
 .text          0x100031a0       0x10 CMakeFiles/hello_usb.dir/opt/pico-sdk/src/rp2_common/pico_bit_ops/bit_ops_aeabi.S.obj
 .text.rom_func_lookup
                0x100031b0       0x10 CMakeFiles/hello_usb.dir/opt/pico-sdk/src/rp2_common/pico_bootrom/bootrom.c.obj
                0x100031b0                rom_func_lookup
 .text.rom_data_lookup
                0x100031c0       0x10 CMakeFiles/hello_usb.dir/opt/pico-sdk/src/rp2_common/pico_bootrom/bootrom.c.obj
                0x100031c0                rom_data_lookup
 .text.rom_funcs_lookup
                0x100031d0       0x36 CMakeFiles/hello_usb.dir/opt/pico-sdk/src/rp2_common/pico_bootrom/bootrom.c.obj
                0x100031d0                rom_funcs_lookup
 *fill*         0x10003206        0x2 
 .text.__wrap___aeabi_idiv
                0x10003208       0x50 CMakeFiles/hello_usb.dir/opt/pico-sdk/src/rp2_common/pico_divider/divider.S.obj
                0x10003208                __wrap___aeabi_idivmod
                0x10003208                divmod_s32s32
                0x10003208                div_s32s32
                0x10003208                __wrap___aeabi_idiv
                0x10003210                divmod_s32s32_unsafe
                0x1000323c                divmod_s32s32_savestate
 .text.__wrap___aeabi_uidiv
                0x10003258       0x4c CMakeFiles/hello_usb.dir/opt/pico-sdk/src/rp2_common/pico_divider/divider.S.obj
                0x10003258                __wrap___aeabi_uidiv
                0x10003258                __wrap___aeabi_uidivmod
                0x10003258                div_u32u32
                0x10003258                divmod_u32u32
                0x10003260                divmod_u32u32_unsafe
                0x10003288                divmod_u32u32_savestate
 .text.__wrap___aeabi_ldiv
                0x100032a4      0x430 CMakeFiles/hello_usb.dir/opt/pico-sdk/src/rp2_common/pico_divider/divider.S.obj
                0x100032a4                div_s64s64
                0x100032a4                divmod_s64s64
                0x100032a4                __wrap___aeabi_ldivmod
                0x100032dc                div_u64u64
                0x100032dc                divmod_u64u64
                0x100032dc                __wrap___aeabi_uldivmod
                0x100032ec                divmod_u64u64_savestate
                0x10003314                divmod_s64s64_unsafe
                0x1000339c                divmod_u64u64_unsafe
 .text.__wrap___aeabi_darithmetic
                0x100036d4       0x80 CMakeFiles/hello_usb.dir/opt/pico-sdk/src/rp2_common/pico_double/double_aeabi.S.obj
                0x100036d4                __wrap___aeabi_drsub
                0x100036da                __wrap___aeabi_dsub
                0x100036ec                __wrap___aeabi_dadd
                0x100036fe                __wrap___aeabi_ddiv
                0x1000373a                __wrap___aeabi_dmul
 .text.__wrap___aeabi_cdcmple
                0x10003754       0x6c CMakeFiles/hello_usb.dir/opt/pico-sdk/src/rp2_common/pico_double/double_aeabi.S.obj
                0x10003754                __wrap___aeabi_cdrcmple
                0x10003764                __wrap___aeabi_cdcmple
                0x10003764                __wrap___aeabi_cdcmpeq
 .text.__wrap___aeabi_dcmplt
                0x100037c0        0xc CMakeFiles/hello_usb.dir/opt/pico-sdk/src/rp2_common/pico_double/double_aeabi.S.obj
                0x100037c0                __wrap___aeabi_dcmplt
 .text.__wrap___aeabi_dcmple
                0x100037cc       0x10 CMakeFiles/hello_usb.dir/opt/pico-sdk/src/rp2_common/pico_double/double_aeabi.S.obj
                0x100037cc                __wrap___aeabi_dcmple
 .text.__wrap___aeabi_dcmpge
                0x100037dc       0x10 CMakeFiles/hello_usb.dir/opt/pico-sdk/src/rp2_common/pico_double/double_aeabi.S.obj
                0x100037dc                __wrap___aeabi_dcmpge
 .text.__wrap___aeabi_dcmpgt
                0x100037ec        0xa CMakeFiles/hello_usb.dir/opt/pico-sdk/src/rp2_common/pico_double/double_aeabi.S.obj
                0x100037ec                __wrap___aeabi_dcmpgt
 .text.__wrap___aeabi_dcmpun
                0x100037f6       0x1c CMakeFiles/hello_usb.dir/opt/pico-sdk/src/rp2_common/pico_double/double_aeabi.S.obj
                0x100037f6                __wrap___aeabi_dcmpun
 *fill*         0x10003812        0x2 
 .text.__wrap___aeabi_i2d
                0x10003814       0x38 CMakeFiles/hello_usb.dir/opt/pico-sdk/src/rp2_common/pico_double/double_aeabi.S.obj
                0x10003814                __wrap___aeabi_ui2d
                0x1000381c                __wrap___aeabi_i2d
 .text.__wrap___aeabi_d2iz
                0x1000384c       0x48 CMakeFiles/hello_usb.dir/opt/pico-sdk/src/rp2_common/pico_double/double_aeabi.S.obj
                0x1000384c                __wrap___aeabi_d2iz
                0x1000384c                double2int_z
 .text.__wrap___aeabi_d2uiz
                0x10003894       0x18 CMakeFiles/hello_usb.dir/opt/pico-sdk/src/rp2_common/pico_double/double_aeabi.S.obj
                0x10003894                double2uint
                0x10003894                __wrap___aeabi_d2uiz
 .text.__aeabi_double_init
                0x100038ac       0xb8 CMakeFiles/hello_usb.dir/opt/pico-sdk/src/rp2_common/pico_double/double_init_rom.c.obj
                0x100038ac                __aeabi_double_init
 .text.double_table_shim_on_use_helper
                0x10003964       0x34 CMakeFiles/hello_usb.dir/opt/pico-sdk/src/rp2_common/pico_double/double_v1_rom_shim.S.obj
                0x10003964                double_table_shim_on_use_helper
 .text.__wrap___aeabi_dsub
                0x10003998       0x10 CMakeFiles/hello_usb.dir/opt/pico-sdk/src/rp2_common/pico_double/double_v1_rom_shim.S.obj
                0x10003998                drsub_shim
                0x1000399e                dsub_shim
 .text.dadd_shim
                0x100039a8      0x15c CMakeFiles/hello_usb.dir/opt/pico-sdk/src/rp2_common/pico_double/double_v1_rom_shim.S.obj
                0x100039a8                dadd_shim
 .text.dmul_shim
                0x10003b04      0x15c CMakeFiles/hello_usb.dir/opt/pico-sdk/src/rp2_common/pico_double/double_v1_rom_shim.S.obj
                0x10003b04                dmul_shim
 .text.ddiv_shim
                0x10003c60      0x1b0 CMakeFiles/hello_usb.dir/opt/pico-sdk/src/rp2_common/pico_double/double_v1_rom_shim.S.obj
                0x10003c60                ddiv_shim
 .text.dcordic_rot_step
                0x10003e10       0x7c CMakeFiles/hello_usb.dir/opt/pico-sdk/src/rp2_common/pico_double/double_v1_rom_shim.S.obj
                0x10003e10                dcordic_rot_step
 .text.double2uint_shim
                0x10003e8c        0xe CMakeFiles/hello_usb.dir/opt/pico-sdk/src/rp2_common/pico_double/double_v1_rom_shim.S.obj
                0x10003e8c                double2uint_shim
                0x10003e8e                double2ufix_shim
 *fill*         0x10003e9a        0x2 
 .text.double2uint64_shim
                0x10003e9c       0x6c CMakeFiles/hello_usb.dir/opt/pico-sdk/src/rp2_common/pico_double/double_v1_rom_shim.S.obj
                0x10003e9c                double2uint64_shim
                0x10003e9e                double2ufix64_shim
                0x10003eb8                d2fix_a
 .text.dunpacks
                0x10003f08       0x3c CMakeFiles/hello_usb.dir/opt/pico-sdk/src/rp2_common/pico_double/double_v1_rom_shim.S.obj
                0x10003f08                dunpacks
 .text.__aeabi_lmul
                0x10003f44       0x32 CMakeFiles/hello_usb.dir/opt/pico-sdk/src/rp2_common/pico_int64_ops/pico_int64_ops_aeabi.S.obj
                0x10003f44                __wrap___aeabi_lmul
 *fill*         0x10003f76        0x2 
 .text.__aeabi_float_init
                0x10003f78       0xfc CMakeFiles/hello_usb.dir/opt/pico-sdk/src/rp2_common/pico_float/float_init_rom.c.obj
                0x10003f78                __aeabi_float_init
 .text.float_table_shim_on_use_helper
                0x10004074       0x34 CMakeFiles/hello_usb.dir/opt/pico-sdk/src/rp2_common/pico_float/float_v1_rom_shim.S.obj
                0x10004074                float_table_shim_on_use_helper
 .text          0x100040a8       0x10 CMakeFiles/hello_usb.dir/opt/pico-sdk/src/rp2_common/pico_mem_ops/mem_ops_aeabi.S.obj
                0x100040a8                __aeabi_mem_init
 .text.memset   0x100040b8        0xc CMakeFiles/hello_usb.dir/opt/pico-sdk/src/rp2_common/pico_mem_ops/mem_ops_aeabi.S.obj
                0x100040b8                __wrap_memset
 .text.memcpy   0x100040c4        0xc CMakeFiles/hello_usb.dir/opt/pico-sdk/src/rp2_common/pico_mem_ops/mem_ops_aeabi.S.obj
                0x100040c4                __wrap___aeabi_memcpy
                0x100040c4                __wrap_memcpy
 .text.stdio_out_chars_crlf
                0x100040d0       0x80 CMakeFiles/hello_usb.dir/opt/pico-sdk/src/rp2_common/pico_stdio/stdio.c.obj
 .text.stdio_stack_buffer_flush
                0x10004150       0x44 CMakeFiles/hello_usb.dir/opt/pico-sdk/src/rp2_common/pico_stdio/stdio.c.obj
 .text.stdio_buffered_printer
                0x10004194       0x20 CMakeFiles/hello_usb.dir/opt/pico-sdk/src/rp2_common/pico_stdio/stdio.c.obj
 .text.stdout_serialize_begin
                0x100041b4       0x30 CMakeFiles/hello_usb.dir/opt/pico-sdk/src/rp2_common/pico_stdio/stdio.c.obj
                0x100041b4                stdout_serialize_begin
 .text.stdout_serialize_end
                0x100041e4       0x10 CMakeFiles/hello_usb.dir/opt/pico-sdk/src/rp2_common/pico_stdio/stdio.c.obj
                0x100041e4                stdout_serialize_end
 .text.stdio_put_string
                0x100041f4       0x78 CMakeFiles/hello_usb.dir/opt/pico-sdk/src/rp2_common/pico_stdio/stdio.c.obj
 .text.stdio_set_driver_enabled
                0x1000426c       0x38 CMakeFiles/hello_usb.dir/opt/pico-sdk/src/rp2_common/pico_stdio/stdio.c.obj
                0x1000426c                stdio_set_driver_enabled
 .text.stdio_flush
                0x100042a4       0x20 CMakeFiles/hello_usb.dir/opt/pico-sdk/src/rp2_common/pico_stdio/stdio.c.obj
                0x100042a4                stdio_flush
 .text.__wrap_puts
                0x100042c4       0x1c CMakeFiles/hello_usb.dir/opt/pico-sdk/src/rp2_common/pico_stdio/stdio.c.obj
                0x100042c4                __wrap_puts
 .text.__wrap_vprintf
                0x100042e0       0x44 CMakeFiles/hello_usb.dir/opt/pico-sdk/src/rp2_common/pico_stdio/stdio.c.obj
                0x100042e0                __wrap_vprintf
 .text.__wrap_printf
                0x10004324       0x18 CMakeFiles/hello_usb.dir/opt/pico-sdk/src/rp2_common/pico_stdio/stdio.c.obj
                0x10004324                __wrap_printf
 .text.stdio_init_all
                0x1000433c        0x8 CMakeFiles/hello_usb.dir/opt/pico-sdk/src/rp2_common/pico_stdio/stdio.c.obj
                0x1000433c                stdio_init_all
 .text.resetd_init
                0x10004344        0x2 CMakeFiles/hello_usb.dir/opt/pico-sdk/src/rp2_common/pico_stdio_usb/reset_interface.c.obj
 *fill*         0x10004346        0x2 
 .text.resetd_reset
                0x10004348        0xc CMakeFiles/hello_usb.dir/opt/pico-sdk/src/rp2_common/pico_stdio_usb/reset_interface.c.obj
 .text.resetd_open
                0x10004354       0x34 CMakeFiles/hello_usb.dir/opt/pico-sdk/src/rp2_common/pico_stdio_usb/reset_interface.c.obj
 .text.resetd_xfer_cb
                0x10004388        0x4 CMakeFiles/hello_usb.dir/opt/pico-sdk/src/rp2_common/pico_stdio_usb/reset_interface.c.obj
 .text.resetd_control_xfer_cb
                0x1000438c       0x6c CMakeFiles/hello_usb.dir/opt/pico-sdk/src/rp2_common/pico_stdio_usb/reset_interface.c.obj
 .text.usbd_app_driver_get_cb
                0x100043f8        0xc CMakeFiles/hello_usb.dir/opt/pico-sdk/src/rp2_common/pico_stdio_usb/reset_interface.c.obj
                0x100043f8                usbd_app_driver_get_cb
 .text.tud_cdc_line_coding_cb
                0x10004404       0x34 CMakeFiles/hello_usb.dir/opt/pico-sdk/src/rp2_common/pico_stdio_usb/reset_interface.c.obj
                0x10004404                tud_cdc_line_coding_cb
 .text.stdio_usb_in_chars
                0x10004438       0x70 CMakeFiles/hello_usb.dir/opt/pico-sdk/src/rp2_common/pico_stdio_usb/stdio_usb.c.obj
                0x10004438                stdio_usb_in_chars
 .text.low_priority_worker_irq
                0x100044a8       0x20 CMakeFiles/hello_usb.dir/opt/pico-sdk/src/rp2_common/pico_stdio_usb/stdio_usb.c.obj
 .text.stdio_usb_out_chars
                0x100044c8       0xd4 CMakeFiles/hello_usb.dir/opt/pico-sdk/src/rp2_common/pico_stdio_usb/stdio_usb.c.obj
 .text.timer_task
                0x1000459c       0x10 CMakeFiles/hello_usb.dir/opt/pico-sdk/src/rp2_common/pico_stdio_usb/stdio_usb.c.obj
 .text.stdio_usb_init
                0x100045ac       0xb4 CMakeFiles/hello_usb.dir/opt/pico-sdk/src/rp2_common/pico_stdio_usb/stdio_usb.c.obj
                0x100045ac                stdio_usb_init
 .text.tud_descriptor_device_cb
                0x10004660        0x8 CMakeFiles/hello_usb.dir/opt/pico-sdk/src/rp2_common/pico_stdio_usb/stdio_usb_descriptors.c.obj
                0x10004660                tud_descriptor_device_cb
 .text.tud_descriptor_configuration_cb
                0x10004668        0x8 CMakeFiles/hello_usb.dir/opt/pico-sdk/src/rp2_common/pico_stdio_usb/stdio_usb_descriptors.c.obj
                0x10004668                tud_descriptor_configuration_cb
 .text.tud_descriptor_string_cb
                0x10004670       0x68 CMakeFiles/hello_usb.dir/opt/pico-sdk/src/rp2_common/pico_stdio_usb/stdio_usb_descriptors.c.obj
                0x10004670                tud_descriptor_string_cb
 .text.hw_endpoint_get_by_addr
                0x100046d8       0x18 CMakeFiles/hello_usb.dir/opt/pico-sdk/lib/tinyusb/src/portable/raspberrypi/rp2040/dcd_rp2040.c.obj
 .text.reset_ep0
                0x100046f0       0x2c CMakeFiles/hello_usb.dir/opt/pico-sdk/lib/tinyusb/src/portable/raspberrypi/rp2040/dcd_rp2040.c.obj
 .text._hw_endpoint_alloc
                0x1000471c       0x80 CMakeFiles/hello_usb.dir/opt/pico-sdk/lib/tinyusb/src/portable/raspberrypi/rp2040/dcd_rp2040.c.obj
 .text._hw_endpoint_init
                0x1000479c       0xbc CMakeFiles/hello_usb.dir/opt/pico-sdk/lib/tinyusb/src/portable/raspberrypi/rp2040/dcd_rp2040.c.obj
 .text.hw_endpoint_init
                0x10004858       0x18 CMakeFiles/hello_usb.dir/opt/pico-sdk/lib/tinyusb/src/portable/raspberrypi/rp2040/dcd_rp2040.c.obj
 .text.hw_handle_buff_status
                0x10004870       0xb4 CMakeFiles/hello_usb.dir/opt/pico-sdk/lib/tinyusb/src/portable/raspberrypi/rp2040/dcd_rp2040.c.obj
 .text.dcd_rp2040_irq
                0x10004924       0xa4 CMakeFiles/hello_usb.dir/opt/pico-sdk/lib/tinyusb/src/portable/raspberrypi/rp2040/dcd_rp2040.c.obj
 .text.hw_endpoint_xfer
                0x100049c8       0x18 CMakeFiles/hello_usb.dir/opt/pico-sdk/lib/tinyusb/src/portable/raspberrypi/rp2040/dcd_rp2040.c.obj
 .text.ep0_0len_status
                0x100049e0       0x14 CMakeFiles/hello_usb.dir/opt/pico-sdk/lib/tinyusb/src/portable/raspberrypi/rp2040/dcd_rp2040.c.obj
 .text._hw_endpoint_stall
                0x100049f4       0x54 CMakeFiles/hello_usb.dir/opt/pico-sdk/lib/tinyusb/src/portable/raspberrypi/rp2040/dcd_rp2040.c.obj
 .text.hw_endpoint_stall
                0x10004a48        0xc CMakeFiles/hello_usb.dir/opt/pico-sdk/lib/tinyusb/src/portable/raspberrypi/rp2040/dcd_rp2040.c.obj
 .text._hw_endpoint_clear_stall
                0x10004a54       0x34 CMakeFiles/hello_usb.dir/opt/pico-sdk/lib/tinyusb/src/portable/raspberrypi/rp2040/dcd_rp2040.c.obj
 .text.hw_endpoint_clear_stall
                0x10004a88        0xc CMakeFiles/hello_usb.dir/opt/pico-sdk/lib/tinyusb/src/portable/raspberrypi/rp2040/dcd_rp2040.c.obj
 .text.dcd_int_enable
                0x10004a94       0x2c CMakeFiles/hello_usb.dir/opt/pico-sdk/lib/tinyusb/src/portable/raspberrypi/rp2040/dcd_rp2040.c.obj
                0x10004a94                dcd_int_enable
 .text.dcd_set_address
                0x10004ac0       0x28 CMakeFiles/hello_usb.dir/opt/pico-sdk/lib/tinyusb/src/portable/raspberrypi/rp2040/dcd_rp2040.c.obj
                0x10004ac0                dcd_set_address
 .text.dcd_connect
                0x10004ae8       0x30 CMakeFiles/hello_usb.dir/opt/pico-sdk/lib/tinyusb/src/portable/raspberrypi/rp2040/dcd_rp2040.c.obj
                0x10004ae8                dcd_connect
 .text.dcd_init
                0x10004b18       0x84 CMakeFiles/hello_usb.dir/opt/pico-sdk/lib/tinyusb/src/portable/raspberrypi/rp2040/dcd_rp2040.c.obj
                0x10004b18                dcd_init
 .text.dcd_edpt0_status_complete
                0x10004b9c       0x40 CMakeFiles/hello_usb.dir/opt/pico-sdk/lib/tinyusb/src/portable/raspberrypi/rp2040/dcd_rp2040.c.obj
                0x10004b9c                dcd_edpt0_status_complete
 .text.dcd_edpt_open
                0x10004bdc       0x40 CMakeFiles/hello_usb.dir/opt/pico-sdk/lib/tinyusb/src/portable/raspberrypi/rp2040/dcd_rp2040.c.obj
                0x10004bdc                dcd_edpt_open
 .text.dcd_edpt_xfer
                0x10004c1c       0x34 CMakeFiles/hello_usb.dir/opt/pico-sdk/lib/tinyusb/src/portable/raspberrypi/rp2040/dcd_rp2040.c.obj
                0x10004c1c                dcd_edpt_xfer
 .text.dcd_edpt_stall
                0x10004c50       0x28 CMakeFiles/hello_usb.dir/opt/pico-sdk/lib/tinyusb/src/portable/raspberrypi/rp2040/dcd_rp2040.c.obj
                0x10004c50                dcd_edpt_stall
 .text.dcd_edpt_clear_stall
                0x10004c78       0x2c CMakeFiles/hello_usb.dir/opt/pico-sdk/lib/tinyusb/src/portable/raspberrypi/rp2040/dcd_rp2040.c.obj
                0x10004c78                dcd_edpt_clear_stall
 .text.rp2040_usb_init
                0x10004ca4       0x50 CMakeFiles/hello_usb.dir/opt/pico-sdk/lib/tinyusb/src/portable/raspberrypi/rp2040/rp2040_usb.c.obj
                0x10004ca4                rp2040_usb_init
 .text.hw_endpoint_reset_transfer
                0x10004cf4       0x10 CMakeFiles/hello_usb.dir/opt/pico-sdk/lib/tinyusb/src/portable/raspberrypi/rp2040/rp2040_usb.c.obj
                0x10004cf4                hw_endpoint_reset_transfer
 .text._hw_endpoint_buffer_control_update32
                0x10004d04       0x58 CMakeFiles/hello_usb.dir/opt/pico-sdk/lib/tinyusb/src/portable/raspberrypi/rp2040/rp2040_usb.c.obj
                0x10004d04                _hw_endpoint_buffer_control_update32
 .text._hw_endpoint_start_next_buffer
                0x10004d5c       0x50 CMakeFiles/hello_usb.dir/opt/pico-sdk/lib/tinyusb/src/portable/raspberrypi/rp2040/rp2040_usb.c.obj
                0x10004d5c                _hw_endpoint_start_next_buffer
 .text._hw_endpoint_xfer_start
                0x10004dac       0x3e CMakeFiles/hello_usb.dir/opt/pico-sdk/lib/tinyusb/src/portable/raspberrypi/rp2040/rp2040_usb.c.obj
                0x10004dac                _hw_endpoint_xfer_start
 *fill*         0x10004dea        0x2 
 .text._hw_endpoint_xfer_sync
                0x10004dec       0x74 CMakeFiles/hello_usb.dir/opt/pico-sdk/lib/tinyusb/src/portable/raspberrypi/rp2040/rp2040_usb.c.obj
                0x10004dec                _hw_endpoint_xfer_sync
 .text._hw_endpoint_xfer_continue
                0x10004e60       0x60 CMakeFiles/hello_usb.dir/opt/pico-sdk/lib/tinyusb/src/portable/raspberrypi/rp2040/rp2040_usb.c.obj
                0x10004e60                _hw_endpoint_xfer_continue
 .text._hw_endpoint_xfer
                0x10004ec0       0x34 CMakeFiles/hello_usb.dir/opt/pico-sdk/lib/tinyusb/src/portable/raspberrypi/rp2040/rp2040_usb.c.obj
                0x10004ec0                _hw_endpoint_xfer
 .text.mark_interface_endpoint
                0x10004ef4       0x2a CMakeFiles/hello_usb.dir/opt/pico-sdk/lib/tinyusb/src/device/usbd.c.obj
 *fill*         0x10004f1e        0x2 
 .text.usbd_reset
                0x10004f20       0x8c CMakeFiles/hello_usb.dir/opt/pico-sdk/lib/tinyusb/src/device/usbd.c.obj
 .text.invoke_class_control
                0x10004fac       0x1a CMakeFiles/hello_usb.dir/opt/pico-sdk/lib/tinyusb/src/device/usbd.c.obj
 *fill*         0x10004fc6        0x2 
 .text.process_set_config
                0x10004fc8      0x1d8 CMakeFiles/hello_usb.dir/opt/pico-sdk/lib/tinyusb/src/device/usbd.c.obj
 .text.process_get_descriptor
                0x100051a0      0x104 CMakeFiles/hello_usb.dir/opt/pico-sdk/lib/tinyusb/src/device/usbd.c.obj
 .text.tud_mounted
                0x100052a4       0x10 CMakeFiles/hello_usb.dir/opt/pico-sdk/lib/tinyusb/src/device/usbd.c.obj
                0x100052a4                tud_mounted
 .text.tud_suspended
                0x100052b4       0x10 CMakeFiles/hello_usb.dir/opt/pico-sdk/lib/tinyusb/src/device/usbd.c.obj
                0x100052b4                tud_suspended
 .text.tud_inited
                0x100052c4        0xc CMakeFiles/hello_usb.dir/opt/pico-sdk/lib/tinyusb/src/device/usbd.c.obj
                0x100052c4                tud_inited
 .text.tud_init
                0x100052d0       0xd0 CMakeFiles/hello_usb.dir/opt/pico-sdk/lib/tinyusb/src/device/usbd.c.obj
                0x100052d0                tud_init
 .text.dcd_event_handler
                0x100053a0      0x178 CMakeFiles/hello_usb.dir/opt/pico-sdk/lib/tinyusb/src/device/usbd.c.obj
                0x100053a0                dcd_event_handler
 .text.dcd_event_bus_signal
                0x10005518       0x28 CMakeFiles/hello_usb.dir/opt/pico-sdk/lib/tinyusb/src/device/usbd.c.obj
                0x10005518                dcd_event_bus_signal
 .text.dcd_event_bus_reset
                0x10005540       0x2c CMakeFiles/hello_usb.dir/opt/pico-sdk/lib/tinyusb/src/device/usbd.c.obj
                0x10005540                dcd_event_bus_reset
 .text.dcd_event_setup_received
                0x1000556c       0x34 CMakeFiles/hello_usb.dir/opt/pico-sdk/lib/tinyusb/src/device/usbd.c.obj
                0x1000556c                dcd_event_setup_received
 .text.dcd_event_xfer_complete
                0x100055a0       0x46 CMakeFiles/hello_usb.dir/opt/pico-sdk/lib/tinyusb/src/device/usbd.c.obj
                0x100055a0                dcd_event_xfer_complete
 *fill*         0x100055e6        0x2 
 .text.usbd_edpt_open
                0x100055e8       0xe0 CMakeFiles/hello_usb.dir/opt/pico-sdk/lib/tinyusb/src/device/usbd.c.obj
                0x100055e8                usbd_edpt_open
 .text.usbd_open_edpt_pair
                0x100056c8       0x84 CMakeFiles/hello_usb.dir/opt/pico-sdk/lib/tinyusb/src/device/usbd.c.obj
                0x100056c8                usbd_open_edpt_pair
 .text.usbd_edpt_claim
                0x1000574c       0x88 CMakeFiles/hello_usb.dir/opt/pico-sdk/lib/tinyusb/src/device/usbd.c.obj
                0x1000574c                usbd_edpt_claim
 .text.usbd_edpt_release
                0x100057d4       0x68 CMakeFiles/hello_usb.dir/opt/pico-sdk/lib/tinyusb/src/device/usbd.c.obj
                0x100057d4                usbd_edpt_release
 .text.usbd_edpt_xfer
                0x1000583c       0x80 CMakeFiles/hello_usb.dir/opt/pico-sdk/lib/tinyusb/src/device/usbd.c.obj
                0x1000583c                usbd_edpt_xfer
 .text.usbd_edpt_stall
                0x100058bc       0x2c CMakeFiles/hello_usb.dir/opt/pico-sdk/lib/tinyusb/src/device/usbd.c.obj
                0x100058bc                usbd_edpt_stall
 .text.usbd_edpt_clear_stall
                0x100058e8       0x2c CMakeFiles/hello_usb.dir/opt/pico-sdk/lib/tinyusb/src/device/usbd.c.obj
                0x100058e8                usbd_edpt_clear_stall
 .text.usbd_edpt_stalled
                0x10005914       0x1c CMakeFiles/hello_usb.dir/opt/pico-sdk/lib/tinyusb/src/device/usbd.c.obj
                0x10005914                usbd_edpt_stalled
 .text.process_control_request
                0x10005930      0x380 CMakeFiles/hello_usb.dir/opt/pico-sdk/lib/tinyusb/src/device/usbd.c.obj
 .text.tud_task
                0x10005cb0      0x208 CMakeFiles/hello_usb.dir/opt/pico-sdk/lib/tinyusb/src/device/usbd.c.obj
                0x10005cb0                tud_task
 .text._data_stage_xact
                0x10005eb8       0x58 CMakeFiles/hello_usb.dir/opt/pico-sdk/lib/tinyusb/src/device/usbd_control.c.obj
 .text.tud_control_status
                0x10005f10       0x38 CMakeFiles/hello_usb.dir/opt/pico-sdk/lib/tinyusb/src/device/usbd_control.c.obj
                0x10005f10                tud_control_status
 .text.tud_control_xfer
                0x10005f48       0xa4 CMakeFiles/hello_usb.dir/opt/pico-sdk/lib/tinyusb/src/device/usbd_control.c.obj
                0x10005f48                tud_control_xfer
 .text.usbd_control_reset
                0x10005fec       0x14 CMakeFiles/hello_usb.dir/opt/pico-sdk/lib/tinyusb/src/device/usbd_control.c.obj
                0x10005fec                usbd_control_reset
 .text.usbd_control_set_complete_callback
                0x10006000        0xc CMakeFiles/hello_usb.dir/opt/pico-sdk/lib/tinyusb/src/device/usbd_control.c.obj
                0x10006000                usbd_control_set_complete_callback
 .text.usbd_control_set_request
                0x1000600c       0x1c CMakeFiles/hello_usb.dir/opt/pico-sdk/lib/tinyusb/src/device/usbd_control.c.obj
                0x1000600c                usbd_control_set_request
 .text.usbd_control_xfer_cb
                0x10006028      0x100 CMakeFiles/hello_usb.dir/opt/pico-sdk/lib/tinyusb/src/device/usbd_control.c.obj
                0x10006028                usbd_control_xfer_cb
 .text._prep_out_transaction
                0x10006128       0x46 CMakeFiles/hello_usb.dir/opt/pico-sdk/lib/tinyusb/src/class/cdc/cdc_device.c.obj
 *fill*         0x1000616e        0x2 
 .text.tud_cdc_n_connected
                0x10006170       0x44 CMakeFiles/hello_usb.dir/opt/pico-sdk/lib/tinyusb/src/class/cdc/cdc_device.c.obj
                0x10006170                tud_cdc_n_connected
 .text.tud_cdc_n_available
                0x100061b4       0x1c CMakeFiles/hello_usb.dir/opt/pico-sdk/lib/tinyusb/src/class/cdc/cdc_device.c.obj
                0x100061b4                tud_cdc_n_available
 .text.tud_cdc_n_read
                0x100061d0       0x28 CMakeFiles/hello_usb.dir/opt/pico-sdk/lib/tinyusb/src/class/cdc/cdc_device.c.obj
                0x100061d0                tud_cdc_n_read
 .text.tud_cdc_n_write_flush
                0x100061f8       0xcc CMakeFiles/hello_usb.dir/opt/pico-sdk/lib/tinyusb/src/class/cdc/cdc_device.c.obj
                0x100061f8                tud_cdc_n_write_flush
 .text.tud_cdc_n_write
                0x100062c4       0x38 CMakeFiles/hello_usb.dir/opt/pico-sdk/lib/tinyusb/src/class/cdc/cdc_device.c.obj
                0x100062c4                tud_cdc_n_write
 .text.tud_cdc_n_write_available
                0x100062fc       0x1c CMakeFiles/hello_usb.dir/opt/pico-sdk/lib/tinyusb/src/class/cdc/cdc_device.c.obj
                0x100062fc                tud_cdc_n_write_available
 .text.cdcd_init
                0x10006318       0xb8 CMakeFiles/hello_usb.dir/opt/pico-sdk/lib/tinyusb/src/class/cdc/cdc_device.c.obj
                0x10006318                cdcd_init
 .text.cdcd_reset
                0x100063d0       0x44 CMakeFiles/hello_usb.dir/opt/pico-sdk/lib/tinyusb/src/class/cdc/cdc_device.c.obj
                0x100063d0                cdcd_reset
 .text.cdcd_open
                0x10006414      0x10c CMakeFiles/hello_usb.dir/opt/pico-sdk/lib/tinyusb/src/class/cdc/cdc_device.c.obj
                0x10006414                cdcd_open
 .text.cdcd_control_xfer_cb
                0x10006520      0x12c CMakeFiles/hello_usb.dir/opt/pico-sdk/lib/tinyusb/src/class/cdc/cdc_device.c.obj
                0x10006520                cdcd_control_xfer_cb
 .text.cdcd_xfer_cb
                0x1000664c      0x13c CMakeFiles/hello_usb.dir/opt/pico-sdk/lib/tinyusb/src/class/cdc/cdc_device.c.obj
                0x1000664c                cdcd_xfer_cb
 .text.tusb_init
                0x10006788       0x24 CMakeFiles/hello_usb.dir/opt/pico-sdk/lib/tinyusb/src/tusb.c.obj
                0x10006788                tusb_init
 .text.tusb_inited
                0x100067ac        0xe CMakeFiles/hello_usb.dir/opt/pico-sdk/lib/tinyusb/src/tusb.c.obj
                0x100067ac                tusb_inited
 .text.advance_pointer
                0x100067ba       0x20 CMakeFiles/hello_usb.dir/opt/pico-sdk/lib/tinyusb/src/common/tusb_fifo.c.obj
 .text.backward_pointer
                0x100067da       0x20 CMakeFiles/hello_usb.dir/opt/pico-sdk/lib/tinyusb/src/common/tusb_fifo.c.obj
 .text.get_relative_pointer
                0x100067fa       0x10 CMakeFiles/hello_usb.dir/opt/pico-sdk/lib/tinyusb/src/common/tusb_fifo.c.obj
 .text._tu_fifo_peek
                0x1000680a       0x4c CMakeFiles/hello_usb.dir/opt/pico-sdk/lib/tinyusb/src/common/tusb_fifo.c.obj
 .text._ff_pull_const_addr
                0x10006856       0x46 CMakeFiles/hello_usb.dir/opt/pico-sdk/lib/tinyusb/src/common/tusb_fifo.c.obj
 .text._ff_pull_n
                0x1000689c       0xfe CMakeFiles/hello_usb.dir/opt/pico-sdk/lib/tinyusb/src/common/tusb_fifo.c.obj
 .text._tu_fifo_peek_n
                0x1000699a       0x5e CMakeFiles/hello_usb.dir/opt/pico-sdk/lib/tinyusb/src/common/tusb_fifo.c.obj
 .text._tu_fifo_read_n
                0x100069f8       0x4e CMakeFiles/hello_usb.dir/opt/pico-sdk/lib/tinyusb/src/common/tusb_fifo.c.obj
 .text._ff_push_const_addr
                0x10006a46       0x3a CMakeFiles/hello_usb.dir/opt/pico-sdk/lib/tinyusb/src/common/tusb_fifo.c.obj
 .text._ff_push_n
                0x10006a80       0xfa CMakeFiles/hello_usb.dir/opt/pico-sdk/lib/tinyusb/src/common/tusb_fifo.c.obj
 .text._tu_fifo_write_n
                0x10006b7a       0x9e CMakeFiles/hello_usb.dir/opt/pico-sdk/lib/tinyusb/src/common/tusb_fifo.c.obj
 .text.tu_fifo_config
                0x10006c18       0x72 CMakeFiles/hello_usb.dir/opt/pico-sdk/lib/tinyusb/src/common/tusb_fifo.c.obj
                0x10006c18                tu_fifo_config
 .text.tu_fifo_count
                0x10006c8a       0x24 CMakeFiles/hello_usb.dir/opt/pico-sdk/lib/tinyusb/src/common/tusb_fifo.c.obj
                0x10006c8a                tu_fifo_count
 .text.tu_fifo_empty
                0x10006cae        0xe CMakeFiles/hello_usb.dir/opt/pico-sdk/lib/tinyusb/src/common/tusb_fifo.c.obj
                0x10006cae                tu_fifo_empty
 .text.tu_fifo_remaining
                0x10006cbc       0x20 CMakeFiles/hello_usb.dir/opt/pico-sdk/lib/tinyusb/src/common/tusb_fifo.c.obj
                0x10006cbc                tu_fifo_remaining
 .text.tu_fifo_read
                0x10006cdc       0x42 CMakeFiles/hello_usb.dir/opt/pico-sdk/lib/tinyusb/src/common/tusb_fifo.c.obj
                0x10006cdc                tu_fifo_read
 .text.tu_fifo_read_n
                0x10006d1e        0xa CMakeFiles/hello_usb.dir/opt/pico-sdk/lib/tinyusb/src/common/tusb_fifo.c.obj
                0x10006d1e                tu_fifo_read_n
 .text.tu_fifo_write
                0x10006d28       0x6c CMakeFiles/hello_usb.dir/opt/pico-sdk/lib/tinyusb/src/common/tusb_fifo.c.obj
                0x10006d28                tu_fifo_write
 .text.tu_fifo_write_n
                0x10006d94        0xa CMakeFiles/hello_usb.dir/opt/pico-sdk/lib/tinyusb/src/common/tusb_fifo.c.obj
                0x10006d94                tu_fifo_write_n
 .text.tu_fifo_clear
                0x10006d9e       0x4c CMakeFiles/hello_usb.dir/opt/pico-sdk/lib/tinyusb/src/common/tusb_fifo.c.obj
                0x10006d9e                tu_fifo_clear
 .text.tu_fifo_set_overwritable
                0x10006dea       0x3c CMakeFiles/hello_usb.dir/opt/pico-sdk/lib/tinyusb/src/common/tusb_fifo.c.obj
                0x10006dea                tu_fifo_set_overwritable
 *fill*         0x10006e26        0x2 
 .text._retrieve_unique_id_on_boot
                0x10006e28       0x10 CMakeFiles/hello_usb.dir/opt/pico-sdk/src/rp2_common/pico_unique_id/unique_id.c.obj
 .text.pico_get_unique_board_id_string
                0x10006e38       0x60 CMakeFiles/hello_usb.dir/opt/pico-sdk/src/rp2_common/pico_unique_id/unique_id.c.obj
                0x10006e38                pico_get_unique_board_id_string
 .text.flash_get_unique_id
                0x10006e98       0x40 CMakeFiles/hello_usb.dir/opt/pico-sdk/src/rp2_common/hardware_flash/flash.c.obj
                0x10006e98                flash_get_unique_id
 .text          0x10006ed8       0x64 /usr/lib/gcc/arm-none-eabi/7.3.1/../../../arm-none-eabi/lib/thumb/v6-m/libg.a(lib_a-strlen-stub.o)
                0x10006ed8                strlen
 *(.fini)
 .fini          0x10006f3c        0x4 /usr/lib/gcc/arm-none-eabi/7.3.1/thumb/v6-m/crti.o
                0x10006f3c                _fini
 .fini.__stub   0x10006f40       0x70 linker stubs
 *crtbegin.o(.ctors)
 *crtbegin?.o(.ctors)
 *(EXCLUDE_FILE(*crtend.o *crtend?.o) .ctors)
 *(SORT_BY_NAME(.ctors.*))
 *(.ctors)
 *crtbegin.o(.dtors)
 *crtbegin?.o(.dtors)
 *(EXCLUDE_FILE(*crtend.o *crtend?.o) .dtors)
 *(SORT_BY_NAME(.dtors.*))
 *(.dtors)
 *(.eh_frame*)
 .eh_frame      0x10006fb0        0x0 /usr/lib/gcc/arm-none-eabi/7.3.1/thumb/v6-m/crtbegin.o
                0x10006fb0                . = ALIGN (0x4)

.glue_7         0x10006fb0        0x0
 .glue_7        0x10006fb0        0x0 linker stubs

.glue_7t        0x10006fb0        0x0
 .glue_7t       0x10006fb0        0x0 linker stubs

.vfp11_veneer   0x10006fb0        0x0
 .vfp11_veneer  0x10006fb0        0x0 linker stubs

.v4_bx          0x10006fb0        0x0
 .v4_bx         0x10006fb0        0x0 linker stubs

.iplt           0x10006fb0        0x0
 .iplt          0x10006fb0        0x0 /usr/lib/gcc/arm-none-eabi/7.3.1/thumb/v6-m/crtbegin.o

.rodata         0x10006fb0     0x15bc
 *(EXCLUDE_FILE(*libm.a: *libc.a:*lib_a-mem*.o *libgcc.a:) .rodata*)
 .rodata.main.str1.4
                0x10006fb0        0xe CMakeFiles/hello_usb.dir/hello_usb.c.obj
 *fill*         0x10006fbe        0x2 
 .rodata.spin_lock_claim_unused.str1.4
                0x10006fc0       0x1b CMakeFiles/hello_usb.dir/opt/pico-sdk/src/rp2_common/hardware_sync/sync.c.obj
 *fill*         0x10006fdb        0x1 
 .rodata.__func__.5648
                0x10006fdc       0x15 CMakeFiles/hello_usb.dir/opt/pico-sdk/src/common/pico_time/time.c.obj
 *fill*         0x10006ff1        0x3 
 .rodata.__func__.5949
                0x10006ff4        0xc CMakeFiles/hello_usb.dir/opt/pico-sdk/src/common/pico_time/time.c.obj
 .rodata.__func__.5956
                0x10007000       0x12 CMakeFiles/hello_usb.dir/opt/pico-sdk/src/common/pico_time/time.c.obj
 *fill*         0x10007012        0x2 
 .rodata.__func__.5972
                0x10007014        0xf CMakeFiles/hello_usb.dir/opt/pico-sdk/src/common/pico_time/time.c.obj
 *fill*         0x10007023        0x1 
 .rodata.__func__.5994
                0x10007024        0xd CMakeFiles/hello_usb.dir/opt/pico-sdk/src/common/pico_time/time.c.obj
 *fill*         0x10007031        0x3 
 .rodata.__func__.6195
                0x10007034        0xa CMakeFiles/hello_usb.dir/opt/pico-sdk/src/common/pico_time/time.c.obj
 *fill*         0x1000703e        0x2 
 .rodata.__func__.6200
                0x10007040       0x12 CMakeFiles/hello_usb.dir/opt/pico-sdk/src/common/pico_time/time.c.obj
 *fill*         0x10007052        0x2 
 .rodata.__func__.6215
                0x10007054       0x17 CMakeFiles/hello_usb.dir/opt/pico-sdk/src/common/pico_time/time.c.obj
 *fill*         0x1000706b        0x1 
 .rodata.__func__.6226
                0x1000706c       0x15 CMakeFiles/hello_usb.dir/opt/pico-sdk/src/common/pico_time/time.c.obj
 *fill*         0x10007081        0x3 
 .rodata.__func__.6243
                0x10007084       0x1a CMakeFiles/hello_usb.dir/opt/pico-sdk/src/common/pico_time/time.c.obj
 *fill*         0x1000709e        0x2 
 .rodata.__func__.6282
                0x100070a0       0x18 CMakeFiles/hello_usb.dir/opt/pico-sdk/src/common/pico_time/time.c.obj
 .rodata.add_alarm_under_lock.str1.4
                0x100070b8       0x28 CMakeFiles/hello_usb.dir/opt/pico-sdk/src/common/pico_time/time.c.obj
                                 0x2b (size before relaxing)
 .rodata.alarm_pool_alarm_callback.str1.4
                0x100070e0       0xd6 CMakeFiles/hello_usb.dir/opt/pico-sdk/src/common/pico_time/time.c.obj
 *fill*         0x100071b6        0x2 
 .rodata.alarm_pool_cancel_alarm.str1.4
                0x100071b8       0x27 CMakeFiles/hello_usb.dir/opt/pico-sdk/src/common/pico_time/time.c.obj
 *fill*         0x100071df        0x1 
 .rodata.alarm_pool_dump_key.str1.4
                0x100071e0       0x33 CMakeFiles/hello_usb.dir/opt/pico-sdk/src/common/pico_time/time.c.obj
 *fill*         0x10007213        0x1 
 .rodata.alarm_pool_get_default.str1.4
                0x10007214       0x21 CMakeFiles/hello_usb.dir/opt/pico-sdk/src/common/pico_time/time.c.obj
 *fill*         0x10007235        0x3 
 .rodata.ph_add_child_node.str1.4
                0x10007238       0x8a CMakeFiles/hello_usb.dir/opt/pico-sdk/src/common/pico_time/time.c.obj
 *fill*         0x100072c2        0x2 
 .rodata.repeating_timer_callback.str1.4
                0x100072c4       0x3e CMakeFiles/hello_usb.dir/opt/pico-sdk/src/common/pico_time/time.c.obj
 *fill*         0x10007302        0x2 
 .rodata.sleep_until.str1.4
                0x10007304       0x4d CMakeFiles/hello_usb.dir/opt/pico-sdk/src/common/pico_time/time.c.obj
 *fill*         0x10007351        0x3 
 .rodata.__func__.4508
                0x10007354       0x1a CMakeFiles/hello_usb.dir/opt/pico-sdk/src/rp2_common/hardware_timer/timer.c.obj
 *fill*         0x1000736e        0x2 
 .rodata.hardware_alarm_claim.str1.4
                0x10007370       0x22 CMakeFiles/hello_usb.dir/opt/pico-sdk/src/rp2_common/hardware_timer/timer.c.obj
 *fill*         0x10007392        0x2 
 .rodata.hardware_alarm_set_target.str1.4
                0x10007394       0x58 CMakeFiles/hello_usb.dir/opt/pico-sdk/src/rp2_common/hardware_timer/timer.c.obj
 .rodata.__func__.4173
                0x100073ec       0x15 CMakeFiles/hello_usb.dir/opt/pico-sdk/src/common/pico_sync/mutex.c.obj
 *fill*         0x10007401        0x3 
 .rodata.__func__.4570
                0x10007404       0x15 CMakeFiles/hello_usb.dir/opt/pico-sdk/src/common/pico_sync/mutex.c.obj
 *fill*         0x10007419        0x3 
 .rodata.__func__.4595
                0x1000741c       0x18 CMakeFiles/hello_usb.dir/opt/pico-sdk/src/common/pico_sync/mutex.c.obj
 .rodata.__func__.4605
                0x10007434        0xb CMakeFiles/hello_usb.dir/opt/pico-sdk/src/common/pico_sync/mutex.c.obj
 *fill*         0x1000743f        0x1 
 .rodata.str1.4
                0x10007440       0xa5 CMakeFiles/hello_usb.dir/opt/pico-sdk/src/common/pico_sync/mutex.c.obj
                                 0xf9 (size before relaxing)
 *fill*         0x100074e5        0x3 
 .rodata.__func__.5655
                0x100074e8        0xc CMakeFiles/hello_usb.dir/opt/pico-sdk/src/common/pico_util/pheap.c.obj
 .rodata.__func__.5662
                0x100074f4       0x12 CMakeFiles/hello_usb.dir/opt/pico-sdk/src/common/pico_util/pheap.c.obj
 *fill*         0x10007506        0x2 
 .rodata.__func__.5748
                0x10007508       0x13 CMakeFiles/hello_usb.dir/opt/pico-sdk/src/common/pico_util/pheap.c.obj
 *fill*         0x1000751b        0x1 
 .rodata.__func__.5766
                0x1000751c       0x18 CMakeFiles/hello_usb.dir/opt/pico-sdk/src/common/pico_util/pheap.c.obj
 .rodata.ph_add_child_node.str1.4
                0x10007534       0x8a CMakeFiles/hello_usb.dir/opt/pico-sdk/src/common/pico_util/pheap.c.obj
 .rodata.ph_remove_and_free_node.str1.4
                0x10007534       0x26 CMakeFiles/hello_usb.dir/opt/pico-sdk/src/common/pico_util/pheap.c.obj
 *fill*         0x1000755a        0x2 
 .rodata.ph_remove_any_head.str1.4
                0x1000755c       0x80 CMakeFiles/hello_usb.dir/opt/pico-sdk/src/common/pico_util/pheap.c.obj
 .rodata.__assert_func.str1.4
                0x100075dc       0x3f CMakeFiles/hello_usb.dir/opt/pico-sdk/src/rp2_common/pico_runtime/runtime.c.obj
                                 0x43 (size before relaxing)
 *fill*         0x1000761b        0x1 
 .rodata.panic.str1.4
                0x1000761c       0x12 CMakeFiles/hello_usb.dir/opt/pico-sdk/src/rp2_common/pico_runtime/runtime.c.obj
 *fill*         0x1000762e        0x2 
 .rodata.__func__.4627
                0x10007630       0x10 CMakeFiles/hello_usb.dir/opt/pico-sdk/src/rp2_common/hardware_clocks/clocks.c.obj
 .rodata.clock_configure.str1.4
                0x10007640       0x4a CMakeFiles/hello_usb.dir/opt/pico-sdk/src/rp2_common/hardware_clocks/clocks.c.obj
 *fill*         0x1000768a        0x2 
 .rodata.__func__.4663
                0x1000768c       0x1a CMakeFiles/hello_usb.dir/opt/pico-sdk/src/rp2_common/hardware_irq/irq.c.obj
 *fill*         0x100076a6        0x2 
 .rodata.__func__.4677
                0x100076a8        0xc CMakeFiles/hello_usb.dir/opt/pico-sdk/src/rp2_common/hardware_irq/irq.c.obj
 .rodata.__func__.4685
                0x100076b4       0x17 CMakeFiles/hello_usb.dir/opt/pico-sdk/src/rp2_common/hardware_irq/irq.c.obj
 *fill*         0x100076cb        0x1 
 .rodata.__func__.4689
                0x100076cc        0xf CMakeFiles/hello_usb.dir/opt/pico-sdk/src/rp2_common/hardware_irq/irq.c.obj
 *fill*         0x100076db        0x1 
 .rodata.__func__.4728
                0x100076dc       0x13 CMakeFiles/hello_usb.dir/opt/pico-sdk/src/rp2_common/hardware_irq/irq.c.obj
 *fill*         0x100076ef        0x1 
 .rodata.__func__.4747
                0x100076f0       0x1a CMakeFiles/hello_usb.dir/opt/pico-sdk/src/rp2_common/hardware_irq/irq.c.obj
 *fill*         0x1000770a        0x2 
 .rodata.irq_add_shared_handler.str1.4
                0x1000770c       0xd9 CMakeFiles/hello_usb.dir/opt/pico-sdk/src/rp2_common/hardware_irq/irq.c.obj
 *fill*         0x100077e5        0x3 
 .rodata.irq_add_tail_to_free_list.str1.4
                0x100077e8       0x32 CMakeFiles/hello_usb.dir/opt/pico-sdk/src/rp2_common/hardware_irq/irq.c.obj
                                 0x3a (size before relaxing)
 *fill*         0x1000781a        0x2 
 .rodata.irq_remove_handler.str1.4
                0x1000781c       0x2a CMakeFiles/hello_usb.dir/opt/pico-sdk/src/rp2_common/hardware_irq/irq.c.obj
 *fill*         0x10007846        0x2 
 .rodata.irq_set_exclusive_handler.str1.4
                0x10007848       0x36 CMakeFiles/hello_usb.dir/opt/pico-sdk/src/rp2_common/hardware_irq/irq.c.obj
 *fill*         0x1000787e        0x2 
 .rodata.make_branch.str1.4
                0x10007880       0x40 CMakeFiles/hello_usb.dir/opt/pico-sdk/src/rp2_common/hardware_irq/irq.c.obj
 .rodata.__func__.4362
                0x100078c0        0x9 CMakeFiles/hello_usb.dir/opt/pico-sdk/src/rp2_common/hardware_pll/pll.c.obj
 *fill*         0x100078c9        0x3 
 .rodata.pll_init.str1.4
                0x100078cc       0xcb CMakeFiles/hello_usb.dir/opt/pico-sdk/src/rp2_common/hardware_pll/pll.c.obj
 *fill*         0x10007997        0x1 
 .rodata._vsnprintf
                0x10007998      0x1e0 CMakeFiles/hello_usb.dir/opt/pico-sdk/src/rp2_common/pico_printf/printf.c.obj
 .rodata._ftoa.str1.4
                0x10007b78       0x15 CMakeFiles/hello_usb.dir/opt/pico-sdk/src/rp2_common/pico_printf/printf.c.obj
 *fill*         0x10007b8d        0x3 
 .rodata.pow10.5369
                0x10007b90       0x50 CMakeFiles/hello_usb.dir/opt/pico-sdk/src/rp2_common/pico_printf/printf.c.obj
 .rodata.__aeabi_double_init.str1.4
                0x10007be0       0x9b CMakeFiles/hello_usb.dir/opt/pico-sdk/src/rp2_common/pico_double/double_init_rom.c.obj
 *fill*         0x10007c7b        0x1 
 .rodata.__func__.4628
                0x10007c7c       0x14 CMakeFiles/hello_usb.dir/opt/pico-sdk/src/rp2_common/pico_double/double_init_rom.c.obj
 .rodata.__aeabi_float_init.str1.4
                0x10007c90       0x6d CMakeFiles/hello_usb.dir/opt/pico-sdk/src/rp2_common/pico_float/float_init_rom.c.obj
                                 0x71 (size before relaxing)
 *fill*         0x10007cfd        0x3 
 .rodata.__func__.4630
                0x10007d00       0x13 CMakeFiles/hello_usb.dir/opt/pico-sdk/src/rp2_common/pico_float/float_init_rom.c.obj
 *fill*         0x10007d13        0x1 
 .rodata.__bi_44
                0x10007d14        0xc CMakeFiles/hello_usb.dir/opt/pico-sdk/src/rp2_common/pico_standard_link/binary_info.c.obj
 .rodata.__bi_69
                0x10007d20        0xc CMakeFiles/hello_usb.dir/opt/pico-sdk/src/rp2_common/pico_standard_link/binary_info.c.obj
 .rodata.__bi_75
                0x10007d2c        0xc CMakeFiles/hello_usb.dir/opt/pico-sdk/src/rp2_common/pico_standard_link/binary_info.c.obj
 .rodata.__bi_81
                0x10007d38        0xc CMakeFiles/hello_usb.dir/opt/pico-sdk/src/rp2_common/pico_standard_link/binary_info.c.obj
 .rodata.str1.4
                0x10007d44       0x88 CMakeFiles/hello_usb.dir/opt/pico-sdk/src/rp2_common/pico_standard_link/binary_info.c.obj
 .rodata.crlf_str.5809
                0x10007dcc        0x2 CMakeFiles/hello_usb.dir/opt/pico-sdk/src/rp2_common/pico_stdio/stdio.c.obj
 *fill*         0x10007dce        0x2 
 .rodata._resetd_driver
                0x10007dd0       0x18 CMakeFiles/hello_usb.dir/opt/pico-sdk/src/rp2_common/pico_stdio_usb/reset_interface.c.obj
 .rodata.__bi_93.7101
                0x10007de8        0xc CMakeFiles/hello_usb.dir/opt/pico-sdk/src/rp2_common/pico_stdio_usb/stdio_usb.c.obj
 .rodata.__func__.5371
                0x10007df4       0x15 CMakeFiles/hello_usb.dir/opt/pico-sdk/src/rp2_common/pico_stdio_usb/stdio_usb.c.obj
 .rodata.stdio_usb_init.str1.4
                0x10007e09       0x54 CMakeFiles/hello_usb.dir/opt/pico-sdk/src/rp2_common/pico_stdio_usb/stdio_usb.c.obj
 *fill*         0x10007e09        0x3 
 .rodata.str1.4
                0x10007e0c       0x13 CMakeFiles/hello_usb.dir/opt/pico-sdk/src/rp2_common/pico_stdio_usb/stdio_usb.c.obj
 *fill*         0x10007e1f        0x1 
 .rodata.str1.4
                0x10007e20       0x2a CMakeFiles/hello_usb.dir/opt/pico-sdk/src/rp2_common/pico_stdio_usb/stdio_usb_descriptors.c.obj
 *fill*         0x10007e4a        0x2 
 .rodata.usbd_desc_cfg
                0x10007e4c       0x54 CMakeFiles/hello_usb.dir/opt/pico-sdk/src/rp2_common/pico_stdio_usb/stdio_usb_descriptors.c.obj
 .rodata.usbd_desc_device
                0x10007ea0       0x12 CMakeFiles/hello_usb.dir/opt/pico-sdk/src/rp2_common/pico_stdio_usb/stdio_usb_descriptors.c.obj
 *fill*         0x10007eb2        0x2 
 .rodata.usbd_desc_str
                0x10007eb4       0x18 CMakeFiles/hello_usb.dir/opt/pico-sdk/src/rp2_common/pico_stdio_usb/stdio_usb_descriptors.c.obj
 .rodata.__func__.6806
                0x10007ecc       0x13 CMakeFiles/hello_usb.dir/opt/pico-sdk/lib/tinyusb/src/portable/raspberrypi/rp2040/dcd_rp2040.c.obj
 *fill*         0x10007edf        0x1 
 .rodata.__func__.6837
                0x10007ee0       0x16 CMakeFiles/hello_usb.dir/opt/pico-sdk/lib/tinyusb/src/portable/raspberrypi/rp2040/dcd_rp2040.c.obj
 *fill*         0x10007ef6        0x2 
 .rodata.__func__.6858
                0x10007ef8       0x13 CMakeFiles/hello_usb.dir/opt/pico-sdk/lib/tinyusb/src/portable/raspberrypi/rp2040/dcd_rp2040.c.obj
 *fill*         0x10007f0b        0x1 
 .rodata.__func__.6879
                0x10007f0c        0x9 CMakeFiles/hello_usb.dir/opt/pico-sdk/lib/tinyusb/src/portable/raspberrypi/rp2040/dcd_rp2040.c.obj
 *fill*         0x10007f15        0x3 
 .rodata.__func__.6883
                0x10007f18        0xf CMakeFiles/hello_usb.dir/opt/pico-sdk/lib/tinyusb/src/portable/raspberrypi/rp2040/dcd_rp2040.c.obj
 *fill*         0x10007f27        0x1 
 .rodata.__func__.6892
                0x10007f28       0x10 CMakeFiles/hello_usb.dir/opt/pico-sdk/lib/tinyusb/src/portable/raspberrypi/rp2040/dcd_rp2040.c.obj
 .rodata.__func__.6904
                0x10007f38        0xc CMakeFiles/hello_usb.dir/opt/pico-sdk/lib/tinyusb/src/portable/raspberrypi/rp2040/dcd_rp2040.c.obj
 .rodata.__func__.6909
                0x10007f44       0x1a CMakeFiles/hello_usb.dir/opt/pico-sdk/lib/tinyusb/src/portable/raspberrypi/rp2040/dcd_rp2040.c.obj
 *fill*         0x10007f5e        0x2 
 .rodata.__func__.6914
                0x10007f60        0xe CMakeFiles/hello_usb.dir/opt/pico-sdk/lib/tinyusb/src/portable/raspberrypi/rp2040/dcd_rp2040.c.obj
 *fill*         0x10007f6e        0x2 
 .rodata.__func__.6921
                0x10007f70        0xe CMakeFiles/hello_usb.dir/opt/pico-sdk/lib/tinyusb/src/portable/raspberrypi/rp2040/dcd_rp2040.c.obj
 *fill*         0x10007f7e        0x2 
 .rodata.__func__.6926
                0x10007f80        0xf CMakeFiles/hello_usb.dir/opt/pico-sdk/lib/tinyusb/src/portable/raspberrypi/rp2040/dcd_rp2040.c.obj
 *fill*         0x10007f8f        0x1 
 .rodata.__func__.6931
                0x10007f90       0x15 CMakeFiles/hello_usb.dir/opt/pico-sdk/lib/tinyusb/src/portable/raspberrypi/rp2040/dcd_rp2040.c.obj
 *fill*         0x10007fa5        0x3 
 .rodata._hw_endpoint_alloc.str1.4
                0x10007fa8       0xa9 CMakeFiles/hello_usb.dir/opt/pico-sdk/lib/tinyusb/src/portable/raspberrypi/rp2040/dcd_rp2040.c.obj
 *fill*         0x10008051        0x3 
 .rodata._hw_endpoint_init.str1.4
                0x10008054       0x28 CMakeFiles/hello_usb.dir/opt/pico-sdk/lib/tinyusb/src/portable/raspberrypi/rp2040/dcd_rp2040.c.obj
 .rodata._hw_endpoint_stall.str1.4
                0x1000807c        0xd CMakeFiles/hello_usb.dir/opt/pico-sdk/lib/tinyusb/src/portable/raspberrypi/rp2040/dcd_rp2040.c.obj
 *fill*         0x10008089        0x3 
 .rodata.dcd_int_enable.str1.4
                0x1000808c        0xc CMakeFiles/hello_usb.dir/opt/pico-sdk/lib/tinyusb/src/portable/raspberrypi/rp2040/dcd_rp2040.c.obj
 .rodata.dcd_rp2040_irq.str1.4
                0x10008098       0x14 CMakeFiles/hello_usb.dir/opt/pico-sdk/lib/tinyusb/src/portable/raspberrypi/rp2040/dcd_rp2040.c.obj
 .rodata.hw_handle_buff_status.str1.4
                0x100080ac        0xb CMakeFiles/hello_usb.dir/opt/pico-sdk/lib/tinyusb/src/portable/raspberrypi/rp2040/dcd_rp2040.c.obj
 *fill*         0x100080b7        0x1 
 .rodata.__func__.6585
                0x100080b8       0x17 CMakeFiles/hello_usb.dir/opt/pico-sdk/lib/tinyusb/src/portable/raspberrypi/rp2040/rp2040_usb.c.obj
 *fill*         0x100080cf        0x1 
 .rodata.__func__.6596
                0x100080d0       0x12 CMakeFiles/hello_usb.dir/opt/pico-sdk/lib/tinyusb/src/portable/raspberrypi/rp2040/rp2040_usb.c.obj
 *fill*         0x100080e2        0x2 
 .rodata._hw_endpoint_buffer_control_update32.str1.4
                0x100080e4       0x1f CMakeFiles/hello_usb.dir/opt/pico-sdk/lib/tinyusb/src/portable/raspberrypi/rp2040/rp2040_usb.c.obj
 *fill*         0x10008103        0x1 
 .rodata._hw_endpoint_xfer.str1.4
                0x10008104        0xf CMakeFiles/hello_usb.dir/opt/pico-sdk/lib/tinyusb/src/portable/raspberrypi/rp2040/rp2040_usb.c.obj
 *fill*         0x10008113        0x1 
 .rodata._hw_endpoint_xfer_continue.str1.4
                0x10008114       0x50 CMakeFiles/hello_usb.dir/opt/pico-sdk/lib/tinyusb/src/portable/raspberrypi/rp2040/rp2040_usb.c.obj
 .rodata._hw_endpoint_xfer_sync.str1.4
                0x10008164       0x85 CMakeFiles/hello_usb.dir/opt/pico-sdk/lib/tinyusb/src/portable/raspberrypi/rp2040/rp2040_usb.c.obj
 *fill*         0x100081e9        0x3 
 .rodata.str1.4
                0x100081ec        0x7 CMakeFiles/hello_usb.dir/opt/pico-sdk/lib/tinyusb/src/portable/raspberrypi/rp2040/rp2040_usb.c.obj
 *fill*         0x100081f3        0x1 
 .rodata.process_get_descriptor
                0x100081f4       0x40 CMakeFiles/hello_usb.dir/opt/pico-sdk/lib/tinyusb/src/device/usbd.c.obj
 .rodata.process_control_request
                0x10008234       0x28 CMakeFiles/hello_usb.dir/opt/pico-sdk/lib/tinyusb/src/device/usbd.c.obj
 .rodata.tud_task
                0x1000825c       0x24 CMakeFiles/hello_usb.dir/opt/pico-sdk/lib/tinyusb/src/device/usbd.c.obj
 .rodata.__func__.6459
                0x10008280       0x10 CMakeFiles/hello_usb.dir/opt/pico-sdk/lib/tinyusb/src/device/usbd.c.obj
 .rodata.__func__.7252
                0x10008290        0x9 CMakeFiles/hello_usb.dir/opt/pico-sdk/lib/tinyusb/src/device/usbd.c.obj
 *fill*         0x10008299        0x3 
 .rodata.__func__.7273
                0x1000829c       0x18 CMakeFiles/hello_usb.dir/opt/pico-sdk/lib/tinyusb/src/device/usbd.c.obj
 .rodata.__func__.7311
                0x100082b4       0x13 CMakeFiles/hello_usb.dir/opt/pico-sdk/lib/tinyusb/src/device/usbd.c.obj
 *fill*         0x100082c7        0x1 
 .rodata.__func__.7354
                0x100082c8       0x17 CMakeFiles/hello_usb.dir/opt/pico-sdk/lib/tinyusb/src/device/usbd.c.obj
 *fill*         0x100082df        0x1 
 .rodata.__func__.7408
                0x100082e0       0x14 CMakeFiles/hello_usb.dir/opt/pico-sdk/lib/tinyusb/src/device/usbd.c.obj
 .rodata.__func__.7424
                0x100082f4        0xf CMakeFiles/hello_usb.dir/opt/pico-sdk/lib/tinyusb/src/device/usbd.c.obj
 *fill*         0x10008303        0x1 
 .rodata.__func__.7452
                0x10008304        0xf CMakeFiles/hello_usb.dir/opt/pico-sdk/lib/tinyusb/src/device/usbd.c.obj
 *fill*         0x10008313        0x1 
 .rodata._usbd_driver
                0x10008314       0x18 CMakeFiles/hello_usb.dir/opt/pico-sdk/lib/tinyusb/src/device/usbd.c.obj
 .rodata.process_set_config.str1.4
                0x1000832c       0x17 CMakeFiles/hello_usb.dir/opt/pico-sdk/lib/tinyusb/src/device/usbd.c.obj
 *fill*         0x10008343        0x1 
 .rodata.__func__.7165
                0x10008344       0x11 CMakeFiles/hello_usb.dir/opt/pico-sdk/lib/tinyusb/src/device/usbd_control.c.obj
 *fill*         0x10008355        0x3 
 .rodata.__func__.7192
                0x10008358       0x15 CMakeFiles/hello_usb.dir/opt/pico-sdk/lib/tinyusb/src/device/usbd_control.c.obj
 .rodata.tud_control_xfer.str1.4
                0x1000836d       0x17 CMakeFiles/hello_usb.dir/opt/pico-sdk/lib/tinyusb/src/device/usbd_control.c.obj
 *fill*         0x1000836d        0x3 
 .rodata.__func__.7104
                0x10008370       0x16 CMakeFiles/hello_usb.dir/opt/pico-sdk/lib/tinyusb/src/class/cdc/cdc_device.c.obj
 *fill*         0x10008386        0x2 
 .rodata.__func__.7137
                0x10008388        0xa CMakeFiles/hello_usb.dir/opt/pico-sdk/lib/tinyusb/src/class/cdc/cdc_device.c.obj
 *fill*         0x10008392        0x2 
 .rodata.__func__.7171
                0x10008394        0xd CMakeFiles/hello_usb.dir/opt/pico-sdk/lib/tinyusb/src/class/cdc/cdc_device.c.obj
 .rodata.tud_cdc_n_write_flush.str1.4
                0x100083a1       0x17 CMakeFiles/hello_usb.dir/opt/pico-sdk/lib/tinyusb/src/class/cdc/cdc_device.c.obj
 *fill*         0x100083a1        0x3 
 .rodata.__func__.7041
                0x100083a4        0xa CMakeFiles/hello_usb.dir/opt/pico-sdk/lib/tinyusb/src/tusb.c.obj
 .rodata.tusb_init.str1.4
                0x100083ae       0x17 CMakeFiles/hello_usb.dir/opt/pico-sdk/lib/tinyusb/src/tusb.c.obj
 *fill*         0x100083ae        0x2 
 .rodata.__func__.4247
                0x100083b0       0x20 CMakeFiles/hello_usb.dir/opt/pico-sdk/src/rp2_common/pico_unique_id/unique_id.c.obj
 .rodata.pico_get_unique_board_id_string.str1.4
                0x100083d0       0x40 CMakeFiles/hello_usb.dir/opt/pico-sdk/src/rp2_common/pico_unique_id/unique_id.c.obj
 .rodata.__func__.4388
                0x10008410        0xd CMakeFiles/hello_usb.dir/opt/pico-sdk/src/rp2_common/hardware_flash/flash.c.obj
 *fill*         0x1000841d        0x3 
 .rodata.str1.4
                0x10008420      0x14c CMakeFiles/hello_usb.dir/opt/pico-sdk/src/rp2_common/hardware_flash/flash.c.obj
                                0x14a (size before relaxing)
                0x1000856c                . = ALIGN (0x4)
 *(SORT_BY_ALIGNMENT(SORT_BY_NAME(.flashdata*)))
                0x1000856c                . = ALIGN (0x4)

.rel.dyn        0x1000856c        0x0
 .rel.iplt      0x1000856c        0x0 /usr/lib/gcc/arm-none-eabi/7.3.1/thumb/v6-m/crtbegin.o

.ARM.extab
 *(.ARM.extab* .gnu.linkonce.armextab.*)
                0x1000856c                __exidx_start = .

.ARM.exidx
 *(.ARM.exidx* .gnu.linkonce.armexidx.*)
                0x1000856c                __exidx_end = .
                0x1000856c                . = ALIGN (0x4)
                0x1000856c                __binary_info_start = .

.binary_info    0x1000856c       0x24
 *(.binary_info.keep.*)
 .binary_info.keep.__bi_ptr22
                0x1000856c        0x4 CMakeFiles/hello_usb.dir/opt/pico-sdk/src/rp2_common/pico_standard_link/binary_info.c.obj
 .binary_info.keep.__bi_ptr30
                0x10008570        0x4 CMakeFiles/hello_usb.dir/opt/pico-sdk/src/rp2_common/pico_standard_link/binary_info.c.obj
 .binary_info.keep.__bi_ptr38
                0x10008574        0x4 CMakeFiles/hello_usb.dir/opt/pico-sdk/src/rp2_common/pico_standard_link/binary_info.c.obj
 .binary_info.keep.__bi_ptr44
                0x10008578        0x4 CMakeFiles/hello_usb.dir/opt/pico-sdk/src/rp2_common/pico_standard_link/binary_info.c.obj
 .binary_info.keep.__bi_ptr50
                0x1000857c        0x4 CMakeFiles/hello_usb.dir/opt/pico-sdk/src/rp2_common/pico_standard_link/binary_info.c.obj
 .binary_info.keep.__bi_ptr69
                0x10008580        0x4 CMakeFiles/hello_usb.dir/opt/pico-sdk/src/rp2_common/pico_standard_link/binary_info.c.obj
 .binary_info.keep.__bi_ptr75
                0x10008584        0x4 CMakeFiles/hello_usb.dir/opt/pico-sdk/src/rp2_common/pico_standard_link/binary_info.c.obj
 .binary_info.keep.__bi_ptr81
                0x10008588        0x4 CMakeFiles/hello_usb.dir/opt/pico-sdk/src/rp2_common/pico_standard_link/binary_info.c.obj
 *(.binary_info.*)
 .binary_info.__bi_ptr93
                0x1000858c        0x4 CMakeFiles/hello_usb.dir/opt/pico-sdk/src/rp2_common/pico_stdio_usb/stdio_usb.c.obj
                0x10008590                __binary_info_end = .
                0x10008590                . = ALIGN (0x4)
                0x10008590                __etext = .

.ram_vector_table
                0x20000000       0xc0
 *(.ram_vector_table)
 .ram_vector_table
                0x20000000       0xc0 CMakeFiles/hello_usb.dir/opt/pico-sdk/src/rp2_common/pico_runtime/runtime.c.obj
                0x20000000                ram_vector_table

.data           0x200000c0      0x4f0 load address 0x10008590
                0x200000c0                __data_start__ = .
 *(vtable)
 *(.time_critical*)
 .time_critical.mutex_enter_blocking
                0x200000c0       0x94 CMakeFiles/hello_usb.dir/opt/pico-sdk/src/common/pico_sync/mutex.c.obj
                0x200000c0                mutex_enter_blocking
 .time_critical.mutex_try_enter
                0x20000154       0x5a CMakeFiles/hello_usb.dir/opt/pico-sdk/src/common/pico_sync/mutex.c.obj
                0x20000154                mutex_try_enter
 *fill*         0x200001ae        0x2 
 .time_critical.mutex_enter_block_until
                0x200001b0       0x8c CMakeFiles/hello_usb.dir/opt/pico-sdk/src/common/pico_sync/mutex.c.obj
                0x200001b0                mutex_enter_block_until
 .time_critical.mutex_enter_timeout_ms
                0x2000023c       0x6c CMakeFiles/hello_usb.dir/opt/pico-sdk/src/common/pico_sync/mutex.c.obj
                0x2000023c                mutex_enter_timeout_ms
 .time_critical.mutex_exit
                0x200002a8       0x94 CMakeFiles/hello_usb.dir/opt/pico-sdk/src/common/pico_sync/mutex.c.obj
                0x200002a8                mutex_exit
 .time_critical.flash_init_boot2_copyout
                0x2000033c       0x30 CMakeFiles/hello_usb.dir/opt/pico-sdk/src/rp2_common/hardware_flash/flash.c.obj
 .time_critical.flash_enable_xip_via_boot2
                0x2000036c       0x10 CMakeFiles/hello_usb.dir/opt/pico-sdk/src/rp2_common/hardware_flash/flash.c.obj
 .time_critical.flash_cs_force
                0x2000037c       0x28 CMakeFiles/hello_usb.dir/opt/pico-sdk/src/rp2_common/hardware_flash/flash.c.obj
 .time_critical.flash_do_cmd
                0x200003a4       0xc0 CMakeFiles/hello_usb.dir/opt/pico-sdk/src/rp2_common/hardware_flash/flash.c.obj
                0x200003a4                flash_do_cmd
 *(.text*)
 .text          0x20000464        0x4 /usr/lib/gcc/arm-none-eabi/7.3.1/thumb/v6-m/libgcc.a(_dvmd_tls.o)
                0x20000464                __aeabi_ldiv0
                0x20000464                __aeabi_idiv0
 .text.__stub   0x20000468       0x50 linker stubs
                0x200004b8                . = ALIGN (0x4)
 *(.rodata*)
                0x200004b8                . = ALIGN (0x4)
 *(.data*)
 .data.striped_spin_lock_num
                0x200004b8        0x1 CMakeFiles/hello_usb.dir/opt/pico-sdk/src/rp2_common/hardware_sync/sync.c.obj
 *fill*         0x200004b9        0x3 
 .data.default_alarm_pool
                0x200004bc       0x18 CMakeFiles/hello_usb.dir/opt/pico-sdk/src/common/pico_time/time.c.obj
 .data.default_alarm_pool_heap
                0x200004d4       0x10 CMakeFiles/hello_usb.dir/opt/pico-sdk/src/common/pico_time/time.c.obj
 .data          0x200004e4       0x48 CMakeFiles/hello_usb.dir/opt/pico-sdk/src/rp2_common/hardware_irq/irq_handler_chain.S.obj
                0x200004e4                irq_handler_chain_slots
                0x20000514                irq_handler_chain_first_slot
                0x2000051e                irq_handler_chain_remove_tail
 *fill*         0x2000052c        0x4 
 .data.aeabi_bits_funcs
                0x20000530       0x10 CMakeFiles/hello_usb.dir/opt/pico-sdk/src/rp2_common/pico_bit_ops/bit_ops_aeabi.S.obj
                0x20000530                aeabi_bits_funcs
                0x20000540                aeabi_bits_funcs_end
 .data.aeabi_mem_funcs
                0x20000540       0x10 CMakeFiles/hello_usb.dir/opt/pico-sdk/src/rp2_common/pico_mem_ops/mem_ops_aeabi.S.obj
                0x20000540                aeabi_mem_funcs
                0x20000550                aeabi_mem_funcs_end
 .data.stdio_usb
                0x20000550       0x14 CMakeFiles/hello_usb.dir/opt/pico-sdk/src/rp2_common/pico_stdio_usb/stdio_usb.c.obj
                0x20000550                stdio_usb
 .data.ep_dir_string
                0x20000564        0x8 CMakeFiles/hello_usb.dir/opt/pico-sdk/lib/tinyusb/src/portable/raspberrypi/rp2040/rp2040_usb.c.obj
                0x20000564                ep_dir_string
 .data._usbd_qdef
                0x2000056c       0x24 CMakeFiles/hello_usb.dir/opt/pico-sdk/lib/tinyusb/src/device/usbd.c.obj
                0x2000056c                _usbd_qdef
                0x20000590                . = ALIGN (0x4)
 *(.after_data.*)
                0x20000590                . = ALIGN (0x4)
                0x20000590                PROVIDE (__mutex_array_start = .)
 *(SORT_BY_NAME(.mutex_array.*))
 *(.mutex_array)
 .mutex_array   0x20000590        0x8 CMakeFiles/hello_usb.dir/opt/pico-sdk/src/rp2_common/pico_stdio/stdio.c.obj
                0x20000598                PROVIDE (__mutex_array_end = .)
                0x20000598                . = ALIGN (0x4)
                0x20000598                PROVIDE (__preinit_array_start = .)
 *(SORT_BY_NAME(.preinit_array.*))
 .preinit_array.00001
                0x20000598        0x4 CMakeFiles/hello_usb.dir/opt/pico-sdk/src/rp2_common/pico_mem_ops/mem_ops_aeabi.S.obj
 .preinit_array.00010
                0x2000059c        0x4 CMakeFiles/hello_usb.dir/opt/pico-sdk/src/rp2_common/pico_bit_ops/bit_ops_aeabi.S.obj
 .preinit_array.00020
                0x200005a0        0x4 CMakeFiles/hello_usb.dir/opt/pico-sdk/src/rp2_common/pico_double/double_aeabi.S.obj
 .preinit_array.00020
                0x200005a4        0x4 CMakeFiles/hello_usb.dir/opt/pico-sdk/src/rp2_common/pico_float/float_aeabi.S.obj
 *(.preinit_array)
                0x200005a8                PROVIDE (__preinit_array_end = .)
                0x200005a8                . = ALIGN (0x4)
                0x200005a8                PROVIDE (__init_array_start = .)
 *(SORT_BY_NAME(.init_array.*))
 *(.init_array)
 .init_array    0x200005a8        0x4 /usr/lib/gcc/arm-none-eabi/7.3.1/thumb/v6-m/crtbegin.o
 .init_array    0x200005ac        0x4 CMakeFiles/hello_usb.dir/opt/pico-sdk/src/rp2_common/pico_unique_id/unique_id.c.obj
                0x200005b0                PROVIDE (__init_array_end = .)
                0x200005b0                . = ALIGN (0x4)
                0x200005b0                PROVIDE (__fini_array_start = .)
 *(SORT_BY_NAME(.fini_array.*))
 *(.fini_array)
                0x200005b0                PROVIDE (__fini_array_end = .)
 *(.jcr)
                0x200005b0                . = ALIGN (0x4)
                0x200005b0                __data_end__ = .

.tm_clone_table
                0x200005b0        0x0 load address 0x10008a80
 .tm_clone_table
                0x200005b0        0x0 /usr/lib/gcc/arm-none-eabi/7.3.1/thumb/v6-m/crtbegin.o
 .tm_clone_table
                0x200005b0        0x0 /usr/lib/gcc/arm-none-eabi/7.3.1/thumb/v6-m/crtend.o

.igot.plt       0x200005b0        0x0 load address 0x10008a80
 .igot.plt      0x200005b0        0x0 /usr/lib/gcc/arm-none-eabi/7.3.1/thumb/v6-m/crtbegin.o

.uninitialized_data
                0x200005b0        0x0 load address 0x10008a80
                0x200005b0                . = ALIGN (0x4)
 *(.uninitialized_data*)

.scratch_x      0x20040000        0x0 load address 0x10008a80
                0x20040000                __scratch_x_start__ = .
 *(.scratch_x.*)
                0x20040000                . = ALIGN (0x4)
                0x20040000                __scratch_x_end__ = .
                0x10008a80                __scratch_x_source__ = LOADADDR (.scratch_x)

.scratch_y      0x20041000        0x0 load address 0x10008a80
                0x20041000                __scratch_y_start__ = .
 *(.scratch_y.*)
                0x20041000                . = ALIGN (0x4)
                0x20041000                __scratch_y_end__ = .
                0x10008a80                __scratch_y_source__ = LOADADDR (.scratch_y)

.bss            0x200005b0      0xd60
                0x200005b0                . = ALIGN (0x4)
                0x200005b0                __bss_start__ = .
 *(SORT_BY_ALIGNMENT(SORT_BY_NAME(.bss*)))
 .bss.default_alarm_pool_entries
                0x200005b0      0x100 CMakeFiles/hello_usb.dir/opt/pico-sdk/src/common/pico_time/time.c.obj
 .bss.last_avail_time.7080
                0x200006b0        0x8 CMakeFiles/hello_usb.dir/opt/pico-sdk/src/rp2_common/pico_stdio_usb/stdio_usb.c.obj
 .bss           0x200006b8       0x1c /usr/lib/gcc/arm-none-eabi/7.3.1/thumb/v6-m/crtbegin.o
 .bss._app_driver
                0x200006d4        0x4 CMakeFiles/hello_usb.dir/opt/pico-sdk/lib/tinyusb/src/device/usbd.c.obj
 .bss._cdcd_itf
                0x200006d8      0x2d8 CMakeFiles/hello_usb.dir/opt/pico-sdk/lib/tinyusb/src/class/cdc/cdc_device.c.obj
 .bss._ctrl_xfer
                0x200009b0       0x14 CMakeFiles/hello_usb.dir/opt/pico-sdk/lib/tinyusb/src/device/usbd_control.c.obj
 .bss._ubsd_mutexdef
                0x200009c4        0x8 CMakeFiles/hello_usb.dir/opt/pico-sdk/lib/tinyusb/src/device/usbd.c.obj
 .bss._usbd_ctrl_buf
                0x200009cc       0x40 CMakeFiles/hello_usb.dir/opt/pico-sdk/lib/tinyusb/src/device/usbd_control.c.obj
 .bss._usbd_dev
                0x20000a0c       0x37 CMakeFiles/hello_usb.dir/opt/pico-sdk/lib/tinyusb/src/device/usbd.c.obj
 *fill*         0x20000a43        0x1 
 .bss._usbd_mutex
                0x20000a44        0x4 CMakeFiles/hello_usb.dir/opt/pico-sdk/lib/tinyusb/src/device/usbd.c.obj
 .bss._usbd_q   0x20000a48        0x4 CMakeFiles/hello_usb.dir/opt/pico-sdk/lib/tinyusb/src/device/usbd.c.obj
 .bss.alarm_callbacks
                0x20000a4c       0x10 CMakeFiles/hello_usb.dir/opt/pico-sdk/src/rp2_common/hardware_timer/timer.c.obj
 .bss.boot2_copyout
                0x20000a5c      0x100 CMakeFiles/hello_usb.dir/opt/pico-sdk/src/rp2_common/hardware_flash/flash.c.obj
 .bss.claimed   0x20000b5c        0x4 CMakeFiles/hello_usb.dir/opt/pico-sdk/src/rp2_common/hardware_sync/sync.c.obj
 .bss.configured_freq
                0x20000b60       0x28 CMakeFiles/hello_usb.dir/opt/pico-sdk/src/rp2_common/hardware_clocks/clocks.c.obj
 .bss.default_alarm_pool_entry_ids_high
                0x20000b88       0x10 CMakeFiles/hello_usb.dir/opt/pico-sdk/src/common/pico_time/time.c.obj
 .bss.default_alarm_pool_heap_nodes
                0x20000b98       0x30 CMakeFiles/hello_usb.dir/opt/pico-sdk/src/common/pico_time/time.c.obj
 .bss.desc_str.6984
                0x20000bc8       0x28 CMakeFiles/hello_usb.dir/opt/pico-sdk/src/rp2_common/pico_stdio_usb/stdio_usb_descriptors.c.obj
 .bss.drivers   0x20000bf0        0x4 CMakeFiles/hello_usb.dir/opt/pico-sdk/src/rp2_common/pico_stdio/stdio.c.obj
 .bss.filter    0x20000bf4        0x4 CMakeFiles/hello_usb.dir/opt/pico-sdk/src/rp2_common/pico_stdio/stdio.c.obj
 .bss.hw_endpoints
                0x20000bf8      0x400 CMakeFiles/hello_usb.dir/opt/pico-sdk/lib/tinyusb/src/portable/raspberrypi/rp2040/dcd_rp2040.c.obj
 .bss.load_value
                0x20000ff8        0x4 CMakeFiles/hello_usb.dir/opt/pico-sdk/src/rp2_common/hardware_watchdog/watchdog.c.obj
 .bss.next_buffer_ptr
                0x20000ffc        0x4 CMakeFiles/hello_usb.dir/opt/pico-sdk/lib/tinyusb/src/portable/raspberrypi/rp2040/dcd_rp2040.c.obj
 .bss.pools     0x20001000       0x10 CMakeFiles/hello_usb.dir/opt/pico-sdk/src/common/pico_time/time.c.obj
 .bss.retrieved_id
                0x20001010        0x8 CMakeFiles/hello_usb.dir/opt/pico-sdk/src/rp2_common/pico_unique_id/unique_id.c.obj
 .bss.sleep_notifier
                0x20001018        0x4 CMakeFiles/hello_usb.dir/opt/pico-sdk/src/common/pico_time/time.c.obj
 .bss.stdio_usb_mutex
                0x2000101c        0x8 CMakeFiles/hello_usb.dir/opt/pico-sdk/src/rp2_common/pico_stdio_usb/stdio_usb.c.obj
 .bss.target_hi
                0x20001024       0x10 CMakeFiles/hello_usb.dir/opt/pico-sdk/src/rp2_common/hardware_timer/timer.c.obj
 .bss.usbd_serial_str
                0x20001034       0x11 CMakeFiles/hello_usb.dir/opt/pico-sdk/src/rp2_common/pico_stdio_usb/stdio_usb_descriptors.c.obj
 .bss._app_driver_count
                0x20001045        0x1 CMakeFiles/hello_usb.dir/opt/pico-sdk/lib/tinyusb/src/device/usbd.c.obj
 .bss._usbd_initialized
                0x20001046        0x1 CMakeFiles/hello_usb.dir/opt/pico-sdk/lib/tinyusb/src/device/usbd.c.obj
 .bss.boot2_copyout_valid
                0x20001047        0x1 CMakeFiles/hello_usb.dir/opt/pico-sdk/src/rp2_common/hardware_flash/flash.c.obj
 .bss.claimed   0x20001048        0x1 CMakeFiles/hello_usb.dir/opt/pico-sdk/src/rp2_common/hardware_timer/timer.c.obj
 .bss.irq_hander_chain_free_slot_head
                0x20001049        0x1 CMakeFiles/hello_usb.dir/opt/pico-sdk/src/rp2_common/hardware_irq/irq.c.obj
 .bss.itf_num   0x2000104a        0x1 CMakeFiles/hello_usb.dir/opt/pico-sdk/src/rp2_common/pico_stdio_usb/reset_interface.c.obj
 .bss.timer_callbacks_pending
                0x2000104b        0x1 CMakeFiles/hello_usb.dir/opt/pico-sdk/src/rp2_common/hardware_timer/timer.c.obj
 *(COMMON)
 COMMON         0x2000104c      0x100 CMakeFiles/hello_usb.dir/opt/pico-sdk/src/rp2_common/pico_double/double_init_rom.c.obj
                0x2000104c                sd_table
 COMMON         0x2000114c      0x104 CMakeFiles/hello_usb.dir/opt/pico-sdk/src/rp2_common/pico_float/float_init_rom.c.obj
                0x2000114c                sf_table
                0x2000124c                sf_clz_func
 COMMON         0x20001250       0xc0 CMakeFiles/hello_usb.dir/opt/pico-sdk/lib/tinyusb/src/device/usbd.c.obj
                0x20001250                _usbd_qdef_buf
                0x20001310                . = ALIGN (0x4)
                0x20001310                __bss_end__ = .

.heap           0x20001310      0x800
                0x20001310                __end__ = .
                0x20001310                end = __end__
 *(.heap*)
 .heap          0x20001310      0x800 CMakeFiles/hello_usb.dir/opt/pico-sdk/src/rp2_common/pico_standard_link/crt0.S.obj
                0x20001b10                __HeapLimit = .

.stack1_dummy   0x20040000        0x0
 *(.stack1*)

.stack_dummy    0x20041000      0x800
 *(.stack*)
 .stack         0x20041000      0x800 CMakeFiles/hello_usb.dir/opt/pico-sdk/src/rp2_common/pico_standard_link/crt0.S.obj

.flash_end      0x10008a80        0x0
                0x10008a80                __flash_binary_end = .
                0x20040000                __StackLimit = (ORIGIN (RAM) + LENGTH (RAM))
                0x20041000                __StackOneTop = (ORIGIN (SCRATCH_X) + LENGTH (SCRATCH_X))
                0x20042000                __StackTop = (ORIGIN (SCRATCH_Y) + LENGTH (SCRATCH_Y))
                0x20041000                __StackOneBottom = (__StackOneTop - SIZEOF (.stack1_dummy))
                0x20041800                __StackBottom = (__StackTop - SIZEOF (.stack_dummy))
                0x20042000                PROVIDE (__stack = __StackTop)
                0x00000001                ASSERT ((__StackLimit >= __HeapLimit), region RAM overflowed)
                0x00000001                ASSERT (((__binary_info_header_end - __logical_binary_start) <= 0x100), Binary info must be in first 256 bytes of the binary)
LOAD CMakeFiles/hello_usb.dir/hello_usb.c.obj
LOAD CMakeFiles/hello_usb.dir/opt/pico-sdk/src/rp2_common/pico_stdlib/stdlib.c.obj
LOAD CMakeFiles/hello_usb.dir/opt/pico-sdk/src/rp2_common/hardware_gpio/gpio.c.obj
LOAD CMakeFiles/hello_usb.dir/opt/pico-sdk/src/rp2_common/hardware_claim/claim.c.obj
LOAD CMakeFiles/hello_usb.dir/opt/pico-sdk/src/rp2_common/pico_platform/platform.c.obj
LOAD CMakeFiles/hello_usb.dir/opt/pico-sdk/src/rp2_common/hardware_sync/sync.c.obj
LOAD CMakeFiles/hello_usb.dir/opt/pico-sdk/src/rp2_common/hardware_uart/uart.c.obj
LOAD CMakeFiles/hello_usb.dir/opt/pico-sdk/src/rp2_common/hardware_divider/divider.S.obj
LOAD CMakeFiles/hello_usb.dir/opt/pico-sdk/src/common/pico_time/time.c.obj
LOAD CMakeFiles/hello_usb.dir/opt/pico-sdk/src/common/pico_time/timeout_helper.c.obj
LOAD CMakeFiles/hello_usb.dir/opt/pico-sdk/src/rp2_common/hardware_timer/timer.c.obj
LOAD CMakeFiles/hello_usb.dir/opt/pico-sdk/src/common/pico_sync/sem.c.obj
LOAD CMakeFiles/hello_usb.dir/opt/pico-sdk/src/common/pico_sync/lock_core.c.obj
LOAD CMakeFiles/hello_usb.dir/opt/pico-sdk/src/common/pico_sync/mutex.c.obj
LOAD CMakeFiles/hello_usb.dir/opt/pico-sdk/src/common/pico_sync/critical_section.c.obj
LOAD CMakeFiles/hello_usb.dir/opt/pico-sdk/src/common/pico_util/datetime.c.obj
LOAD CMakeFiles/hello_usb.dir/opt/pico-sdk/src/common/pico_util/pheap.c.obj
LOAD CMakeFiles/hello_usb.dir/opt/pico-sdk/src/common/pico_util/queue.c.obj
LOAD CMakeFiles/hello_usb.dir/opt/pico-sdk/src/rp2_common/pico_runtime/runtime.c.obj
LOAD CMakeFiles/hello_usb.dir/opt/pico-sdk/src/rp2_common/hardware_clocks/clocks.c.obj
LOAD CMakeFiles/hello_usb.dir/opt/pico-sdk/src/rp2_common/hardware_irq/irq.c.obj
LOAD CMakeFiles/hello_usb.dir/opt/pico-sdk/src/rp2_common/hardware_irq/irq_handler_chain.S.obj
LOAD CMakeFiles/hello_usb.dir/opt/pico-sdk/src/rp2_common/hardware_pll/pll.c.obj